To honour the JVM settings for this build a single-use Daemon process will be forked. For more on this, please refer to https://docs.gradle.org/8.12/userguide/gradle_daemon.html#sec:disabling_the_daemon in the Gradle documentation.
Daemon will be stopped at the end of the build 
> Task :app:preBuild UP-TO-DATE
> Task :app:preDebugBuild UP-TO-DATE
> Task :app:mergeDebugNativeDebugMetadata NO-SOURCE
> Task :app:checkKotlinGradlePluginConfigurationErrors SKIPPED
> Task :app:checkDebugAarMetadata UP-TO-DATE
> Task :app:generateDebugResValues UP-TO-DATE
> Task :app:mapDebugSourceSetPaths UP-TO-DATE
> Task :app:generateDebugResources UP-TO-DATE
> Task :app:mergeDebugResources UP-TO-DATE
> Task :app:packageDebugResources UP-TO-DATE
> Task :app:parseDebugLocalResources UP-TO-DATE
> Task :app:createDebugCompatibleScreenManifests UP-TO-DATE
> Task :app:extractDeepLinksDebug UP-TO-DATE
> Task :app:processDebugMainManifest UP-TO-DATE
> Task :app:processDebugManifest UP-TO-DATE
> Task :app:processDebugManifestForPackage UP-TO-DATE
> Task :app:processDebugResources UP-TO-DATE
> Task :app:kspDebugKotlin UP-TO-DATE
> Task :app:javaPreCompileDebug UP-TO-DATE
> Task :app:mergeDebugShaders UP-TO-DATE
> Task :app:compileDebugShaders NO-SOURCE
> Task :app:generateDebugAssets UP-TO-DATE
> Task :app:mergeDebugAssets UP-TO-DATE
> Task :app:compressDebugAssets UP-TO-DATE
> Task :app:desugarDebugFileDependencies UP-TO-DATE
> Task :app:checkDebugDuplicateClasses UP-TO-DATE
The message received from the daemon indicates that the daemon has disappeared.
Build request sent: Build{id=1d3ae6de-4208-4779-a2f0-2940c0e6464e, currentDir=/workspace}
Attempting to read last messages from the daemon log...
Daemon pid: 2191
  log file: /root/.gradle/daemon/8.12/daemon-2191.out.log
----- Last 20 lines from daemon log file - daemon-2191.out.log -----
2026-09-19T08:55:35.781+0000 [DEBUG] [org.gradle.launcher.daemon.server.DefaultIncomingConnectionHandler] Starting executing command: Build{id=1d3ae6de-4208-4779-a2f0-2940c0e6464e, currentDir=/workspace} with connection: socket connection from /127.0.0.1:36575 to /127.0.0.1:35906.
2026-09-19T08:55:35.841+0000 [DEBUG] [org.gradle.launcher.daemon.server.DaemonStateCoordinator] Command execution: started DaemonCommandExecution[command = Build{id=1d3ae6de-4208-4779-a2f0-2940c0e6464e, currentDir=/workspace}, connection = DefaultDaemonConnection: socket connection from /127.0.0.1:36575 to /127.0.0.1:35906] after 0.005 minutes of idle
2026-09-19T08:55:35.841+0000 [INFO] [org.gradle.launcher.daemon.server.DaemonRegistryUpdater] Marking the daemon as busy, address: [65758dd6-6254-49d7-9e11-376c6b43661f port:36575, addresses:[localhost/127.0.0.1]]
2026-09-19T08:55:35.841+0000 [DEBUG] [org.gradle.launcher.daemon.registry.PersistentDaemonRegistry] Marking busy by address: [65758dd6-6254-49d7-9e11-376c6b43661f port:36575, addresses:[localhost/127.0.0.1]]
2026-09-19T08:55:35.842+0000 [DEBUG] [org.gradle.cache.internal.DefaultFileLockManager] Waiting to acquire exclusive lock on daemon addresses registry.
2026-09-19T08:55:35.842+0000 [DEBUG] [org.gradle.cache.internal.DefaultFileLockManager] Lock acquired on daemon addresses registry.
2026-09-19T08:55:35.843+0000 [DEBUG] [org.gradle.cache.internal.DefaultFileLockManager] Releasing lock on daemon addresses registry.
2026-09-19T08:55:35.843+0000 [DEBUG] [org.gradle.launcher.daemon.server.DaemonStateCoordinator] resetting idle timer
2026-09-19T08:55:35.843+0000 [DEBUG] [org.gradle.launcher.daemon.server.DaemonStateCoordinator] daemon is running. Sleeping until state changes.
2026-09-19T08:55:35.847+0000 [INFO] [org.gradle.launcher.daemon.server.exec.StartBuildOrRespondWithBusy] Daemon is about to start building Build{id=1d3ae6de-4208-4779-a2f0-2940c0e6464e, currentDir=/workspace}. Dispatching build started information...
2026-09-19T08:55:35.849+0000 [DEBUG] [org.gradle.launcher.daemon.server.SynchronizedDispatchConnection] thread 21: dispatching org.gradle.launcher.daemon.protocol.BuildStarted@7b0c40ec
2026-09-19T08:55:35.853+0000 [DEBUG] [org.gradle.launcher.daemon.server.exec.EstablishBuildEnvironment] Configuring env variables: [TMUX_PANE, PATH, GRADLE_OPTS, JAVA_HOME, TERM, LANG, PS2, ANDROID_HOME, PS1, SUDO_USER, SUDO_GID, MAIL, PYGAME_HIDE_SUPPORT_PROMPT, LOGNAME, PROMPT_COMMAND, PWD, SUDO_UID, TERM_PROGRAM_VERSION, _, SHELL, TERM_PROGRAM, OLDPWD, USER, TIKTOKEN_CACHE_DIR, SUDO_COMMAND, LC_ALL, TMUX, HOME, SHLVL]
2026-09-19T08:55:35.859+0000 [DEBUG] [org.gradle.launcher.daemon.server.exec.LogToClient] About to start relaying all logs to the client via the connection.
2026-09-19T08:55:35.859+0000 [INFO] [org.gradle.launcher.daemon.server.exec.LogToClient] The client will now receive all logging from the daemon (pid: 2191). The daemon log file: /root/.gradle/daemon/8.12/daemon-2191.out.log
2026-09-19T08:55:35.864+0000 [DEBUG] [org.gradle.launcher.daemon.server.exec.RequestStopIfSingleUsedDaemon] Requesting daemon stop after processing Build{id=1d3ae6de-4208-4779-a2f0-2940c0e6464e, currentDir=/workspace}
2026-09-19T08:55:35.864+0000 [LIFECYCLE] [org.gradle.launcher.daemon.server.DaemonStateCoordinator] Daemon will be stopped at the end of the build 
2026-09-19T08:55:35.864+0000 [DEBUG] [org.gradle.launcher.daemon.server.DaemonStateCoordinator] Stop as soon as idle requested. The daemon is busy
2026-09-19T08:55:35.865+0000 [DEBUG] [org.gradle.launcher.daemon.server.exec.ExecuteBuild] The daemon has started executing the build.
2026-09-19T08:55:35.865+0000 [DEBUG] [org.gradle.launcher.daemon.server.exec.ExecuteBuild] Executing build with daemon context: DefaultDaemonContext[uid=03bd08fa-434c-41aa-a2de-ae2edf7efb1e,javaHome=/usr/lib/jvm/java-17-openjdk-amd64,javaVersion=17,javaVendor=Debian,daemonRegistryDir=/root/.gradle/daemon,pid=2191,idleTimeout=120000,priority=NORMAL,applyInstrumentationAgent=true,nativeServicesMode=ENABLED,daemonOpts=-XX:MaxMetaspaceSize=512m,-Xmx1536m,-Dfile.encoding=UTF-8,-Duser.country,-Duser.language=en,-Duser.variant]
2026-09-19T08:55:35.867+0000 [DEBUG] [org.gradle.launcher.daemon.server.DaemonStateCoordinator] daemon stop has been requested. Sleeping until state changes.----- End of the daemon log -----


FAILURE: Build failed with an exception.

* What went wrong:
Gradle build daemon disappeared unexpectedly (it may have been killed or may have crashed)

* Try:
> Run with --stacktrace option to get the stack trace.
> Run with --info or --debug option to get more log output.
> Run with --scan to get full insights.
> Get more help at https://help.gradle.org.
> Task :app:compileDebugKotlin
> Task :app:mergeExtDexDebug
