#
# There is insufficient memory for the Java Runtime Environment to continue.
# Native memory allocation (mmap) failed to map 55574528 bytes. Error detail: committing reserved memory.
# Possible reasons:
#   The system is out of physical RAM or swap space
#   This process is running with CompressedOops enabled, and the Java Heap may be blocking the growth of the native heap
# Possible solutions:
#   Reduce memory load on the system
#   Increase physical memory or swap space
#   Check if swap backing store is full
#   Decrease Java heap size (-Xmx/-Xms)
#   Decrease number of Java threads
#   Decrease Java thread stack sizes (-Xss)
#   Set larger code cache with -XX:ReservedCodeCacheSize=
#   JVM is running with Unscaled Compressed Oops mode in which the Java heap is
#     placed in the first 4GB address space. The Java Heap base address is the
#     maximum limit for the native heap growth. Please use -XX:HeapBaseMinAddress
#     to set the Java Heap base and to place the Java Heap above 4GB virtual address.
# This output file may be truncated or incomplete.
#
#  Out of Memory Error (os_linux.cpp:2834), pid=8425, tid=8433
#
# JRE version: OpenJDK Runtime Environment (17.0.20+8) (build 17.0.20+8-1-deb12u1-Debian)
# Java VM: OpenJDK 64-Bit Server VM (17.0.20+8-1-deb12u1-Debian, mixed mode, sharing, tiered, compressed oops, compressed class ptrs, g1 gc, linux-amd64)
# No core dump will be written. Core dumps have been disabled. To enable core dumping, try "ulimit -c unlimited" before starting Java again
#

---------------  S U M M A R Y ------------

Command Line: org.jetbrains.kotlin.cli.jvm.K2JVMCompiler @/workspace/app/build/20260917_5044041258303003903.compiler.options

Host: Intel(R) Xeon(R) Processor @ 2.50GHz, 2 cores, 2G, Debian GNU/Linux 12 (bookworm)
Time: Thu Sep 17 21:00:38 2026 UTC elapsed time: 8.212049 seconds (0d 0h 0m 8s)

---------------  T H R E A D  ---------------

Current thread (0x00007f4ff8091710):  VMThread "VM Thread" [stack: 0x00007f4fd1e2f000,0x00007f4fd1f2f000] [id=8433]

Stack: [0x00007f4fd1e2f000,0x00007f4fd1f2f000],  sp=0x00007f4fd1f2cd70,  free space=1015k
Native frames: (J=compiled Java code, j=interpreted, Vv=VM code, C=native code)
V  [libjvm.so+0xf21211]  VMError::report_and_die(int, char const*, char const*, __va_list_tag*, Thread*, unsigned char*, void*, void*, char const*, int, unsigned long)+0x171
V  [libjvm.so+0xf21d7d]  VMError::report_and_die(Thread*, char const*, int, unsigned long, VMErrorType, char const*, __va_list_tag*)+0x2d
V  [libjvm.so+0x60378c]  report_vm_out_of_memory(char const*, int, unsigned long, VMErrorType, char const*, ...)+0xdc
V  [libjvm.so+0xc2a14b]  os::pd_commit_memory_or_exit(char*, unsigned long, unsigned long, bool, char const*)+0xeb
V  [libjvm.so+0xc23ffb]  os::commit_memory_or_exit(char*, unsigned long, unsigned long, bool, char const*)+0x1b
V  [libjvm.so+0x733436]  G1PageBasedVirtualSpace::commit(unsigned long, unsigned long)+0x66
V  [libjvm.so+0x7473e0]  G1RegionsLargerThanCommitSizeMapper::commit_regions(unsigned int, unsigned long, WorkGang*)+0x110
V  [libjvm.so+0x7dadc8]  HeapRegionManager::commit_regions(unsigned int, unsigned long, WorkGang*)+0x88
V  [libjvm.so+0x7dcc0b]  HeapRegionManager::expand(unsigned int, unsigned int, WorkGang*)+0x2b
V  [libjvm.so+0x7dce27]  HeapRegionManager::expand_by(unsigned int, WorkGang*)+0x77
V  [libjvm.so+0x6ebed8]  G1CollectedHeap::expand(unsigned long, WorkGang*, double*)+0xe8
V  [libjvm.so+0x6efb29]  G1CollectedHeap::do_collection_pause_at_safepoint_helper(double)+0x8a9
V  [libjvm.so+0x6efb8f]  G1CollectedHeap::do_collection_pause_at_safepoint(double)+0x2f
V  [libjvm.so+0x76b9d7]  VM_G1CollectForAllocation::doit()+0x47
V  [libjvm.so+0xf26715]  VM_Operation::evaluate()+0xe5
V  [libjvm.so+0xf28005]  VMThread::evaluate_operation(VM_Operation*)+0x105
V  [libjvm.so+0xf2857f]  VMThread::inner_execute(VM_Operation*)+0x28f
V  [libjvm.so+0xf2878f]  VMThread::run()+0xbf
V  [libjvm.so+0xea40a5]  Thread::call_run()+0xa5
V  [libjvm.so+0xc2c8f3]  thread_native_entry(Thread*)+0xe3

VM_Operation (0x00007f4ffcc3ca20): G1CollectForAllocation, mode: safepoint, requested by thread 0x00007f4ff80187a0


---------------  P R O C E S S  ---------------

Threads class SMR info:
_java_thread_list=0x00007f4ff80b8820, length=11, elements={
0x00007f4ff80187a0, 0x00007f4ff80956e0, 0x00007f4ff8096ac0, 0x00007f4ff809d6d0,
0x00007f4ff809ea80, 0x00007f4ff809fe90, 0x00007f4ff80a1840, 0x00007f4ff80a2d70,
0x00007f4ff80a41e0, 0x00007f4ff80b4840, 0x00007f4ff80b7890
}

Java Threads: ( => current thread )
  0x00007f4ff80187a0 JavaThread "main" [_thread_blocked, id=8427, stack(0x00007f4ffcb46000,0x00007f4ffcc46000)]
  0x00007f4ff80956e0 JavaThread "Reference Handler" daemon [_thread_blocked, id=8434, stack(0x00007f4fd1d2e000,0x00007f4fd1e2e000)]
  0x00007f4ff8096ac0 JavaThread "Finalizer" daemon [_thread_blocked, id=8435, stack(0x00007f4fd1c2d000,0x00007f4fd1d2d000)]
  0x00007f4ff809d6d0 JavaThread "Signal Dispatcher" daemon [_thread_blocked, id=8436, stack(0x00007f4fd1b2c000,0x00007f4fd1c2c000)]
  0x00007f4ff809ea80 JavaThread "Service Thread" daemon [_thread_blocked, id=8437, stack(0x00007f4fd1a2b000,0x00007f4fd1b2b000)]
  0x00007f4ff809fe90 JavaThread "Monitor Deflation Thread" daemon [_thread_blocked, id=8438, stack(0x00007f4fd192a000,0x00007f4fd1a2a000)]
  0x00007f4ff80a1840 JavaThread "C2 CompilerThread0" daemon [_thread_blocked, id=8439, stack(0x00007f4fd1829000,0x00007f4fd1929000)]
  0x00007f4ff80a2d70 JavaThread "C1 CompilerThread0" daemon [_thread_blocked, id=8440, stack(0x00007f4fd1728000,0x00007f4fd1828000)]
  0x00007f4ff80a41e0 JavaThread "Sweeper thread" daemon [_thread_blocked, id=8441, stack(0x00007f4fd1627000,0x00007f4fd1727000)]
  0x00007f4ff80b4840 JavaThread "Notification Thread" daemon [_thread_blocked, id=8442, stack(0x00007f4fd1526000,0x00007f4fd1626000)]
  0x00007f4ff80b7890 JavaThread "Common-Cleaner" daemon [_thread_blocked, id=8444, stack(0x00007f4fd1324000,0x00007f4fd1424000)]

Other Threads:
=>0x00007f4ff8091710 VMThread "VM Thread" [stack: 0x00007f4fd1e2f000,0x00007f4fd1f2f000] [id=8433]
  0x00007f4ff80b6180 WatcherThread [stack: 0x00007f4fd1425000,0x00007f4fd1525000] [id=8443]
  0x00007f4ff80462f0 GCTaskThread "GC Thread#0" [stack: 0x00007f4ffc31a000,0x00007f4ffc41a000] [id=8428]
  0x00007f4f7c004990 GCTaskThread "GC Thread#1" [stack: 0x00007f4fd0f00000,0x00007f4fd1000000] [id=8446]
  0x00007f4ff804b8d0 ConcurrentGCThread "G1 Main Marker" [stack: 0x00007f4ffc219000,0x00007f4ffc319000] [id=8429]
  0x00007f4ff804c840 ConcurrentGCThread "G1 Conc#0" [stack: 0x00007f4ffc118000,0x00007f4ffc218000] [id=8430]
  0x00007f4ff806b470 ConcurrentGCThread "G1 Refine#0" [stack: 0x00007f4fe0310000,0x00007f4fe0410000] [id=8431]
  0x00007f4fcc000ea0 ConcurrentGCThread "G1 Refine#1" [stack: 0x00007f4fd1223000,0x00007f4fd1323000] [id=8450]
  0x00007f4ff806c370 ConcurrentGCThread "G1 Service" [stack: 0x00007f4fe020f000,0x00007f4fe030f000] [id=8432]

Threads with active compile tasks:
C2 CompilerThread0  8238 3775   !   4       jdk.internal.loader.BuiltinClassLoader::findClassOnClassPathOrNull (64 bytes)

VM state: at safepoint (normal execution)

VM Mutex/Monitor currently owned by a thread:  ([mutex/lock_event])
[0x00007f4ff80158c0] Threads_lock - owner thread: 0x00007f4ff8091710
[0x00007f4ff8016070] Heap_lock - owner thread: 0x00007f4ff80187a0

Heap address: 0x00000000e0000000, size: 512 MB, Compressed Oops mode: 32-bit

CDS archive(s) mapped at: [0x00007f4f83000000-0x00007f4f83bca000-0x00007f4f83bca000), size 12361728, SharedBaseAddress: 0x00007f4f83000000, ArchiveRelocationMode: 1.
Compressed class space mapped at: 0x00007f4f84000000-0x00007f4fc4000000, reserved size: 1073741824
Narrow klass base: 0x00007f4f83000000, Narrow klass shift: 0, Narrow klass range: 0x100000000

GC Precious Log:
 CPUs: 2 total, 2 available
 Memory: 2048M
 Large Page Support: Disabled
 NUMA Support: Disabled
 Compressed Oops: Enabled (32-bit)
 Heap Region Size: 1M
 Heap Min Capacity: 8M
 Heap Initial Capacity: 32M
 Heap Max Capacity: 512M
 Pre-touch: Disabled
 Parallel Workers: 2
 Concurrent Workers: 1
 Concurrent Refinement Workers: 2
 Periodic GC: Disabled

Heap:
 garbage-first heap   total 66560K, used 43019K [0x00000000e0000000, 0x0000000100000000)
  region size 1024K, 2 young (2048K), 2 survivors (2048K)
 Metaspace       used 41011K, committed 41280K, reserved 1114112K
  class space    used 4932K, committed 5056K, reserved 1048576K

Heap Regions: E=young(eden), S=young(survivor), O=old, HS=humongous(starts), HC=humongous(continues), CS=collection set, F=free, OA=open archive, CA=closed archive, TAMS=top-at-mark-start (previous, next)
|   0|0x00000000e0000000, 0x00000000e0100000, 0x00000000e0100000|100%|HS|  |TAMS 0x00000000e0100000, 0x00000000e0100000| Complete 
|   1|0x00000000e0100000, 0x00000000e0200000, 0x00000000e0200000|100%|HC|  |TAMS 0x00000000e0200000, 0x00000000e0200000| Complete 
|   2|0x00000000e0200000, 0x00000000e0300000, 0x00000000e0300000|100%|HC|  |TAMS 0x00000000e0300000, 0x00000000e0300000| Complete 
|   3|0x00000000e0300000, 0x00000000e0400000, 0x00000000e0400000|100%|HC|  |TAMS 0x00000000e0400000, 0x00000000e0400000| Complete 
|   4|0x00000000e0400000, 0x00000000e0500000, 0x00000000e0500000|100%| O|  |TAMS 0x00000000e0500000, 0x00000000e0500000| Untracked 
|   5|0x00000000e0500000, 0x00000000e0600000, 0x00000000e0600000|100%| O|  |TAMS 0x00000000e0600000, 0x00000000e0600000| Untracked 
|   6|0x00000000e0600000, 0x00000000e0700000, 0x00000000e0700000|100%| O|  |TAMS 0x00000000e0700000, 0x00000000e0700000| Untracked 
|   7|0x00000000e0700000, 0x00000000e0800000, 0x00000000e0800000|100%| O|  |TAMS 0x00000000e0800000, 0x00000000e0800000| Untracked 
|   8|0x00000000e0800000, 0x00000000e0900000, 0x00000000e0900000|100%| O|  |TAMS 0x00000000e0900000, 0x00000000e0900000| Untracked 
|   9|0x00000000e0900000, 0x00000000e0a00000, 0x00000000e0a00000|100%| O|  |TAMS 0x00000000e0a00000, 0x00000000e0a00000| Untracked 
|  10|0x00000000e0a00000, 0x00000000e0b00000, 0x00000000e0b00000|100%| O|  |TAMS 0x00000000e0b00000, 0x00000000e0b00000| Untracked 
|  11|0x00000000e0b00000, 0x00000000e0c00000, 0x00000000e0c00000|100%| O|  |TAMS 0x00000000e0c00000, 0x00000000e0c00000| Untracked 
|  12|0x00000000e0c00000, 0x00000000e0d00000, 0x00000000e0d00000|100%| O|  |TAMS 0x00000000e0d00000, 0x00000000e0d00000| Untracked 
|  13|0x00000000e0d00000, 0x00000000e0e00000, 0x00000000e0e00000|100%| O|  |TAMS 0x00000000e0e00000, 0x00000000e0e00000| Untracked 
|  14|0x00000000e0e00000, 0x00000000e0f00000, 0x00000000e0f00000|100%| O|  |TAMS 0x00000000e0f00000, 0x00000000e0f00000| Untracked 
|  15|0x00000000e0f00000, 0x00000000e1000000, 0x00000000e1000000|100%| O|  |TAMS 0x00000000e1000000, 0x00000000e1000000| Untracked 
|  16|0x00000000e1000000, 0x00000000e1100000, 0x00000000e1100000|100%| O|  |TAMS 0x00000000e1000000, 0x00000000e1100000| Untracked 
|  17|0x00000000e1100000, 0x00000000e1200000, 0x00000000e1200000|100%| O|  |TAMS 0x00000000e1200000, 0x00000000e1200000| Untracked 
|  18|0x00000000e1200000, 0x00000000e1300000, 0x00000000e1300000|100%| O|  |TAMS 0x00000000e1300000, 0x00000000e1300000| Untracked 
|  19|0x00000000e1300000, 0x00000000e1400000, 0x00000000e1400000|100%| O|  |TAMS 0x00000000e1400000, 0x00000000e1400000| Untracked 
|  20|0x00000000e1400000, 0x00000000e1500000, 0x00000000e1500000|100%| O|  |TAMS 0x00000000e1500000, 0x00000000e1500000| Untracked 
|  21|0x00000000e1500000, 0x00000000e1600000, 0x00000000e1600000|100%| O|  |TAMS 0x00000000e1600000, 0x00000000e1600000| Untracked 
|  22|0x00000000e1600000, 0x00000000e1700000, 0x00000000e1700000|100%| O|  |TAMS 0x00000000e1700000, 0x00000000e1700000| Untracked 
|  23|0x00000000e1700000, 0x00000000e1800000, 0x00000000e1800000|100%| O|  |TAMS 0x00000000e1800000, 0x00000000e1800000| Untracked 
|  24|0x00000000e1800000, 0x00000000e1900000, 0x00000000e1900000|100%| O|  |TAMS 0x00000000e186c600, 0x00000000e1900000| Untracked 
|  25|0x00000000e1900000, 0x00000000e1a00000, 0x00000000e1a00000|100%| O|  |TAMS 0x00000000e1900000, 0x00000000e1a00000| Untracked 
|  26|0x00000000e1a00000, 0x00000000e1b00000, 0x00000000e1b00000|100%|HS|  |TAMS 0x00000000e1a00000, 0x00000000e1b00000| Complete 
|  27|0x00000000e1b00000, 0x00000000e1c00000, 0x00000000e1c00000|100%| O|  |TAMS 0x00000000e1b00000, 0x00000000e1c00000| Untracked 
|  28|0x00000000e1c00000, 0x00000000e1d00000, 0x00000000e1d00000|100%| O|  |TAMS 0x00000000e1c00000, 0x00000000e1d00000| Untracked 
|  29|0x00000000e1d00000, 0x00000000e1e00000, 0x00000000e1e00000|100%| O|  |TAMS 0x00000000e1d00000, 0x00000000e1e00000| Untracked 
|  30|0x00000000e1e00000, 0x00000000e1f00000, 0x00000000e1f00000|100%| O|  |TAMS 0x00000000e1e00000, 0x00000000e1f00000| Untracked 
|  31|0x00000000e1f00000, 0x00000000e2000000, 0x00000000e2000000|100%| O|  |TAMS 0x00000000e1f00000, 0x00000000e2000000| Untracked 
|  32|0x00000000e2000000, 0x00000000e2100000, 0x00000000e2100000|100%| O|  |TAMS 0x00000000e2000000, 0x00000000e2100000| Untracked 
|  33|0x00000000e2100000, 0x00000000e2200000, 0x00000000e2200000|100%| O|  |TAMS 0x00000000e2100000, 0x00000000e2200000| Untracked 
|  34|0x00000000e2200000, 0x00000000e2300000, 0x00000000e2300000|100%| O|  |TAMS 0x00000000e2200000, 0x00000000e2300000| Untracked 
|  35|0x00000000e2300000, 0x00000000e2400000, 0x00000000e2400000|100%| O|  |TAMS 0x00000000e2300000, 0x00000000e2400000| Untracked 
|  36|0x00000000e2400000, 0x00000000e2500000, 0x00000000e2500000|100%| O|  |TAMS 0x00000000e2400000, 0x00000000e2500000| Untracked 
|  37|0x00000000e2500000, 0x00000000e2600000, 0x00000000e2600000|100%| O|  |TAMS 0x00000000e2500000, 0x00000000e25a7000| Untracked 
|  38|0x00000000e2600000, 0x00000000e2700000, 0x00000000e2700000|100%| O|  |TAMS 0x00000000e2600000, 0x00000000e2600000| Untracked 
|  39|0x00000000e2700000, 0x00000000e27e6000, 0x00000000e2800000| 89%| O|  |TAMS 0x00000000e2700000, 0x00000000e2700000| Untracked 
|  40|0x00000000e2800000, 0x00000000e2800000, 0x00000000e2900000|  0%| F|  |TAMS 0x00000000e2800000, 0x00000000e2800000| Untracked 
|  41|0x00000000e2900000, 0x00000000e2900000, 0x00000000e2a00000|  0%| F|  |TAMS 0x00000000e2900000, 0x00000000e2900000| Untracked 
|  42|0x00000000e2a00000, 0x00000000e2a00000, 0x00000000e2b00000|  0%| F|  |TAMS 0x00000000e2a00000, 0x00000000e2a00000| Untracked 
|  43|0x00000000e2b00000, 0x00000000e2b00000, 0x00000000e2c00000|  0%| F|  |TAMS 0x00000000e2b00000, 0x00000000e2b00000| Untracked 
|  44|0x00000000e2c00000, 0x00000000e2c00000, 0x00000000e2d00000|  0%| F|  |TAMS 0x00000000e2c00000, 0x00000000e2c00000| Untracked 
|  45|0x00000000e2d00000, 0x00000000e2d00000, 0x00000000e2e00000|  0%| F|  |TAMS 0x00000000e2d00000, 0x00000000e2d00000| Untracked 
|  46|0x00000000e2e00000, 0x00000000e2e00000, 0x00000000e2f00000|  0%| F|  |TAMS 0x00000000e2e00000, 0x00000000e2e00000| Untracked 
|  47|0x00000000e2f00000, 0x00000000e2f00000, 0x00000000e3000000|  0%| F|  |TAMS 0x00000000e2f00000, 0x00000000e2f00000| Untracked 
|  48|0x00000000e3000000, 0x00000000e3000000, 0x00000000e3100000|  0%| F|  |TAMS 0x00000000e3000000, 0x00000000e3000000| Untracked 
|  49|0x00000000e3100000, 0x00000000e3100000, 0x00000000e3200000|  0%| F|  |TAMS 0x00000000e3100000, 0x00000000e3100000| Untracked 
|  50|0x00000000e3200000, 0x00000000e3200000, 0x00000000e3300000|  0%| F|  |TAMS 0x00000000e3200000, 0x00000000e3200000| Untracked 
|  51|0x00000000e3300000, 0x00000000e3300000, 0x00000000e3400000|  0%| F|  |TAMS 0x00000000e3300000, 0x00000000e3300000| Untracked 
|  52|0x00000000e3400000, 0x00000000e3400000, 0x00000000e3500000|  0%| F|  |TAMS 0x00000000e3400000, 0x00000000e3400000| Untracked 
|  53|0x00000000e3500000, 0x00000000e352fc80, 0x00000000e3600000| 18%| S|CS|TAMS 0x00000000e3500000, 0x00000000e3500000| Complete 
|  54|0x00000000e3600000, 0x00000000e3700000, 0x00000000e3700000|100%| S|CS|TAMS 0x00000000e3600000, 0x00000000e3600000| Complete 
|  55|0x00000000e3700000, 0x00000000e3700000, 0x00000000e3800000|  0%| F|  |TAMS 0x00000000e3700000, 0x00000000e3700000| Untracked 
|  56|0x00000000e3800000, 0x00000000e3800000, 0x00000000e3900000|  0%| F|  |TAMS 0x00000000e3800000, 0x00000000e3800000| Untracked 
|  57|0x00000000e3900000, 0x00000000e3900000, 0x00000000e3a00000|  0%| F|  |TAMS 0x00000000e3900000, 0x00000000e3900000| Untracked 
|  58|0x00000000e3a00000, 0x00000000e3a00000, 0x00000000e3b00000|  0%| F|  |TAMS 0x00000000e3a00000, 0x00000000e3a00000| Untracked 
|  59|0x00000000e3b00000, 0x00000000e3b00000, 0x00000000e3c00000|  0%| F|  |TAMS 0x00000000e3b00000, 0x00000000e3b00000| Untracked 
|  60|0x00000000e3c00000, 0x00000000e3c00000, 0x00000000e3d00000|  0%| F|  |TAMS 0x00000000e3c00000, 0x00000000e3c00000| Untracked 
|  61|0x00000000e3d00000, 0x00000000e3d00000, 0x00000000e3e00000|  0%| F|  |TAMS 0x00000000e3d00000, 0x00000000e3d00000| Untracked 
|  62|0x00000000e3e00000, 0x00000000e3e00000, 0x00000000e3f00000|  0%| F|  |TAMS 0x00000000e3e00000, 0x00000000e3e00000| Untracked 
| 510|0x00000000ffe00000, 0x00000000ffe75000, 0x00000000fff00000| 45%|OA|  |TAMS 0x00000000ffe75000, 0x00000000ffe75000| Untracked 
| 511|0x00000000fff00000, 0x00000000fff78000, 0x0000000100000000| 46%|CA|  |TAMS 0x00000000fff78000, 0x00000000fff78000| Untracked 

Card table byte_map: [0x00007f4ffc52c000,0x00007f4ffc62c000] _byte_map_base: 0x00007f4ffbe2c000

Marking Bits (Prev, Next): (CMBitMap*) 0x00007f4ff8046dc0, (CMBitMap*) 0x00007f4ff8046d80
 Prev Bits: [0x00007f4fe0511000, 0x00007f4fe0d11000)
 Next Bits: [0x00007f4fe0d11000, 0x00007f4fe1511000)

Polling page: 0x00007f4ffe4e3000

Metaspace:

Usage:
  Non-class:     35.23 MB used.
      Class:      4.82 MB used.
       Both:     40.05 MB used.

Virtual space:
  Non-class space:       64.00 MB reserved,      35.38 MB ( 55%) committed,  1 nodes.
      Class space:        1.00 GB reserved,       4.94 MB ( <1%) committed,  1 nodes.
             Both:        1.06 GB reserved,      40.31 MB (  4%) committed. 

Chunk freelists:
   Non-Class:  11.20 MB
       Class:  11.08 MB
        Both:  22.28 MB

MaxMetaspaceSize: unlimited
CompressedClassSpaceSize: 1.00 GB
Initial GC threshold: 21.00 MB
Current GC threshold: 65.12 MB
CDS: on
MetaspaceReclaimPolicy: balanced
 - commit_granule_bytes: 65536.
 - commit_granule_words: 8192.
 - virtual_space_node_default_size: 8388608.
 - enlarge_chunks_in_place: 1.
 - new_chunks_are_fully_committed: 0.
 - uncommit_free_chunks: 1.
 - use_allocation_guard: 0.
 - handle_deallocations: 1.


Internal statistics:

num_allocs_failed_limit: 6.
num_arena_births: 186.
num_arena_deaths: 0.
num_vsnodes_births: 2.
num_vsnodes_deaths: 0.
num_space_committed: 644.
num_space_uncommitted: 0.
num_chunks_returned_to_freelist: 6.
num_chunks_taken_from_freelist: 1583.
num_chunk_merges: 6.
num_chunk_splits: 1300.
num_chunks_enlarged: 1198.
num_inconsistent_stats: 0.

CodeHeap 'non-profiled nmethods': size=120036Kb used=1693Kb max_used=1693Kb free=118342Kb
 bounds [0x00007f4fe8fd8000, 0x00007f4fe9248000, 0x00007f4ff0511000]
CodeHeap 'profiled nmethods': size=120032Kb used=7735Kb max_used=7735Kb free=112296Kb
 bounds [0x00007f4fe1511000, 0x00007f4fe1ca1000, 0x00007f4fe8a49000]
CodeHeap 'non-nmethods': size=5692Kb used=1288Kb max_used=1361Kb free=4403Kb
 bounds [0x00007f4fe8a49000, 0x00007f4fe8cb9000, 0x00007f4fe8fd8000]
 total_blobs=4344 nmethods=3747 adapters=510
 compilation: enabled
              stopped_count=0, restarted_count=0
 full_count=0

Compilation events (20 events):
Event: 7.924 Thread 0x00007f4ff80a1840 nmethod 3510 0x00007f4fe917c410 code [0x00007f4fe917c5a0, 0x00007f4fe917c708]
Event: 7.924 Thread 0x00007f4ff80a1840 3522       4       org.jetbrains.kotlin.metadata.ProtoBuf$Type$1::parsePartialFrom (11 bytes)
Event: 7.924 Thread 0x00007f4ff80a1840 nmethod 3522 0x00007f4fe917c810 code [0x00007f4fe917c9a0, 0x00007f4fe917cb08]
Event: 7.924 Thread 0x00007f4ff80a1840 3479       4       org.jetbrains.kotlin.metadata.ProtoBuf$Type::initFields (79 bytes)
Event: 7.926 Thread 0x00007f4ff80a1840 nmethod 3479 0x00007f4fe917cc10 code [0x00007f4fe917cda0, 0x00007f4fe917d1d8]
Event: 7.926 Thread 0x00007f4ff80a1840 3459       4       org.jetbrains.kotlin.metadata.jvm.JvmProtoBuf$JvmMethodSignature::getDefaultInstance (4 bytes)
Event: 7.926 Thread 0x00007f4ff80a1840 nmethod 3459 0x00007f4fe917d290 code [0x00007f4fe917d400, 0x00007f4fe917d458]
Event: 7.938 Thread 0x00007f4ff80a1840 3771       4       java.util.jar.JarFile::getManifest (5 bytes)
Event: 8.006 Thread 0x00007f4ff80a2d70 3772       3       jdk.internal.org.objectweb.asm.MethodWriter::visitLdcInsn (215 bytes)
Event: 8.017 Thread 0x00007f4ff80a2d70 nmethod 3772 0x00007f4fe1c99990 code [0x00007f4fe1c99c20, 0x00007f4fe1c9a640]
Event: 8.017 Thread 0x00007f4ff80a2d70 3773       3       jdk.internal.org.objectweb.asm.SymbolTable::addConstant (330 bytes)
Event: 8.018 Thread 0x00007f4ff80a2d70 nmethod 3773 0x00007f4fe1c9aa90 code [0x00007f4fe1c9b000, 0x00007f4fe1c9e130]
Event: 8.019 Thread 0x00007f4ff80a1840 nmethod 3771 0x00007f4fe917d590 code [0x00007f4fe917d7c0, 0x00007f4fe917df20]
Event: 8.019 Thread 0x00007f4ff80a1840 3774       4       java.lang.Class::getPackageName (81 bytes)
Event: 8.030 Thread 0x00007f4ff80a1840 nmethod 3774 0x00007f4fe917e490 code [0x00007f4fe917e660, 0x00007f4fe917edf8]
Event: 8.030 Thread 0x00007f4ff80a1840 3775   !   4       jdk.internal.loader.BuiltinClassLoader::findClassOnClassPathOrNull (64 bytes)
Event: 8.112 Thread 0x00007f4ff80a2d70 3778       3       org.jetbrains.kotlin.com.intellij.util.text.ByteArrayCharSequence::charAt (17 bytes)
Event: 8.114 Thread 0x00007f4ff80a2d70 nmethod 3778 0x00007f4fe1c9ea90 code [0x00007f4fe1c9ec20, 0x00007f4fe1c9ed70]
Event: 8.118 Thread 0x00007f4ff80a2d70 3779       1       java.util.concurrent.atomic.AtomicReference::get (5 bytes)
Event: 8.118 Thread 0x00007f4ff80a2d70 nmethod 3779 0x00007f4fe917f210 code [0x00007f4fe917f3a0, 0x00007f4fe917f470]

GC Heap History (20 events):
Event: 3.628 GC heap after
{Heap after GC invocations=11 (full 0):
 garbage-first heap   total 55296K, used 20588K [0x00000000e0000000, 0x0000000100000000)
  region size 1024K, 1 young (1024K), 1 survivors (1024K)
 Metaspace       used 26790K, committed 27008K, reserved 1114112K
  class space    used 3525K, committed 3584K, reserved 1048576K
}
Event: 4.194 GC heap before
{Heap before GC invocations=11 (full 0):
 garbage-first heap   total 55296K, used 36972K [0x00000000e0000000, 0x0000000100000000)
  region size 1024K, 18 young (18432K), 1 survivors (1024K)
 Metaspace       used 31455K, committed 31744K, reserved 1114112K
  class space    used 3995K, committed 4160K, reserved 1048576K
}
Event: 4.199 GC heap after
{Heap after GC invocations=12 (full 0):
 garbage-first heap   total 55296K, used 21192K [0x00000000e0000000, 0x0000000100000000)
  region size 1024K, 2 young (2048K), 2 survivors (2048K)
 Metaspace       used 31455K, committed 31744K, reserved 1114112K
  class space    used 3995K, committed 4160K, reserved 1048576K
}
Event: 4.939 GC heap before
{Heap before GC invocations=12 (full 0):
 garbage-first heap   total 55296K, used 37576K [0x00000000e0000000, 0x0000000100000000)
  region size 1024K, 19 young (19456K), 2 survivors (2048K)
 Metaspace       used 35332K, committed 35584K, reserved 1114112K
  class space    used 4371K, committed 4480K, reserved 1048576K
}
Event: 4.944 GC heap after
{Heap after GC invocations=13 (full 0):
 garbage-first heap   total 55296K, used 22891K [0x00000000e0000000, 0x0000000100000000)
  region size 1024K, 3 young (3072K), 3 survivors (3072K)
 Metaspace       used 35332K, committed 35584K, reserved 1114112K
  class space    used 4371K, committed 4480K, reserved 1048576K
}
Event: 5.112 GC heap before
{Heap before GC invocations=13 (full 0):
 garbage-first heap   total 55296K, used 26987K [0x00000000e0000000, 0x0000000100000000)
  region size 1024K, 8 young (8192K), 3 survivors (3072K)
 Metaspace       used 35928K, committed 36160K, reserved 1114112K
  class space    used 4433K, committed 4544K, reserved 1048576K
}
Event: 5.118 GC heap after
{Heap after GC invocations=14 (full 0):
 garbage-first heap   total 55296K, used 23509K [0x00000000e0000000, 0x0000000100000000)
  region size 1024K, 1 young (1024K), 1 survivors (1024K)
 Metaspace       used 35928K, committed 36160K, reserved 1114112K
  class space    used 4433K, committed 4544K, reserved 1048576K
}
Event: 6.004 GC heap before
{Heap before GC invocations=15 (full 0):
 garbage-first heap   total 55296K, used 38869K [0x00000000e0000000, 0x0000000100000000)
  region size 1024K, 17 young (17408K), 1 survivors (1024K)
 Metaspace       used 38726K, committed 38976K, reserved 1114112K
  class space    used 4726K, committed 4864K, reserved 1048576K
}
Event: 6.013 GC heap after
{Heap after GC invocations=16 (full 0):
 garbage-first heap   total 55296K, used 25227K [0x00000000e0000000, 0x0000000100000000)
  region size 1024K, 3 young (3072K), 3 survivors (3072K)
 Metaspace       used 38726K, committed 38976K, reserved 1114112K
  class space    used 4726K, committed 4864K, reserved 1048576K
}
Event: 6.097 GC heap before
{Heap before GC invocations=16 (full 0):
 garbage-first heap   total 55296K, used 26251K [0x00000000e0000000, 0x0000000100000000)
  region size 1024K, 4 young (4096K), 3 survivors (3072K)
 Metaspace       used 38808K, committed 39040K, reserved 1114112K
  class space    used 4730K, committed 4864K, reserved 1048576K
}
Event: 6.102 GC heap after
{Heap after GC invocations=17 (full 0):
 garbage-first heap   total 55296K, used 25326K [0x00000000e0000000, 0x0000000100000000)
  region size 1024K, 1 young (1024K), 1 survivors (1024K)
 Metaspace       used 38808K, committed 39040K, reserved 1114112K
  class space    used 4730K, committed 4864K, reserved 1048576K
}
Event: 6.722 GC heap before
{Heap before GC invocations=17 (full 0):
 garbage-first heap   total 55296K, used 40686K [0x00000000e0000000, 0x0000000100000000)
  region size 1024K, 16 young (16384K), 1 survivors (1024K)
 Metaspace       used 39687K, committed 39936K, reserved 1114112K
  class space    used 4799K, committed 4928K, reserved 1048576K
}
Event: 6.729 GC heap after
{Heap after GC invocations=18 (full 0):
 garbage-first heap   total 55296K, used 29077K [0x00000000e0000000, 0x0000000100000000)
  region size 1024K, 2 young (2048K), 2 survivors (2048K)
 Metaspace       used 39687K, committed 39936K, reserved 1114112K
  class space    used 4799K, committed 4928K, reserved 1048576K
}
Event: 6.839 GC heap before
{Heap before GC invocations=18 (full 0):
 garbage-first heap   total 55296K, used 40341K [0x00000000e0000000, 0x0000000100000000)
  region size 1024K, 13 young (13312K), 2 survivors (2048K)
 Metaspace       used 39729K, committed 40000K, reserved 1114112K
  class space    used 4799K, committed 4928K, reserved 1048576K
}
Event: 6.899 GC heap after
{Heap after GC invocations=19 (full 0):
 garbage-first heap   total 55296K, used 34538K [0x00000000e0000000, 0x0000000100000000)
  region size 1024K, 2 young (2048K), 2 survivors (2048K)
 Metaspace       used 39729K, committed 40000K, reserved 1114112K
  class space    used 4799K, committed 4928K, reserved 1048576K
}
Event: 6.935 GC heap before
{Heap before GC invocations=19 (full 0):
 garbage-first heap   total 66560K, used 41706K [0x00000000e0000000, 0x0000000100000000)
  region size 1024K, 9 young (9216K), 2 survivors (2048K)
 Metaspace       used 39764K, committed 40000K, reserved 1114112K
  class space    used 4799K, committed 4928K, reserved 1048576K
}
Event: 6.943 GC heap after
{Heap after GC invocations=20 (full 0):
 garbage-first heap   total 66560K, used 37812K [0x00000000e0000000, 0x0000000100000000)
  region size 1024K, 2 young (2048K), 2 survivors (2048K)
 Metaspace       used 39764K, committed 40000K, reserved 1114112K
  class space    used 4799K, committed 4928K, reserved 1048576K
}
Event: 7.206 GC heap before
{Heap before GC invocations=21 (full 0):
 garbage-first heap   total 66560K, used 49076K [0x00000000e0000000, 0x0000000100000000)
  region size 1024K, 13 young (13312K), 2 survivors (2048K)
 Metaspace       used 39859K, committed 40128K, reserved 1114112K
  class space    used 4802K, committed 4928K, reserved 1048576K
}
Event: 7.215 GC heap after
{Heap after GC invocations=22 (full 0):
 garbage-first heap   total 66560K, used 41552K [0x00000000e0000000, 0x0000000100000000)
  region size 1024K, 2 young (2048K), 2 survivors (2048K)
 Metaspace       used 39859K, committed 40128K, reserved 1114112K
  class space    used 4802K, committed 4928K, reserved 1048576K
}
Event: 8.132 GC heap before
{Heap before GC invocations=22 (full 0):
 garbage-first heap   total 66560K, used 48720K [0x00000000e0000000, 0x0000000100000000)
  region size 1024K, 10 young (10240K), 2 survivors (2048K)
 Metaspace       used 41011K, committed 41280K, reserved 1114112K
  class space    used 4932K, committed 5056K, reserved 1048576K
}

Dll operation events (8 events):
Event: 0.006 Loaded shared library /usr/lib/jvm/java-17-openjdk-amd64/lib/libjava.so
Event: 0.027 Loaded shared library /usr/lib/jvm/java-17-openjdk-amd64/lib/libjsvml.so
Event: 0.044 Loaded shared library /usr/lib/jvm/java-17-openjdk-amd64/lib/libnio.so
Event: 0.096 Loaded shared library /usr/lib/jvm/java-17-openjdk-amd64/lib/libzip.so
Event: 0.137 Loaded shared library /usr/lib/jvm/java-17-openjdk-amd64/lib/libjimage.so
Event: 0.259 Loaded shared library /tmp/jansi-2.4.0-c77e294047e576b-libjansi.so
Event: 1.665 Loaded shared library /usr/lib/jvm/java-17-openjdk-amd64/lib/libnet.so
Event: 2.129 Loaded shared library /usr/lib/jvm/java-17-openjdk-amd64/lib/libverify.so

Deoptimization events (20 events):
Event: 7.804 Thread 0x00007f4ff80187a0 DEOPT PACKING pc=0x00007f4fe9127ca0 sp=0x00007f4ffcc41c40
Event: 7.804 Thread 0x00007f4ff80187a0 DEOPT UNPACKING pc=0x00007f4fe8aa2b19 sp=0x00007f4ffcc41bf0 mode 2
Event: 7.804 Thread 0x00007f4ff80187a0 Uncommon trap: trap_request=0xffffffde fr.pc=0x00007f4fe90df788 relative=0x00000000000001e8
Event: 7.804 Thread 0x00007f4ff80187a0 Uncommon trap: reason=class_check action=maybe_recompile pc=0x00007f4fe90df788 method=org.jetbrains.kotlin.com.intellij.openapi.util.text.StringUtilRt.lastIndexOf(Ljava/lang/CharSequence;CII)I @ 17 c2
Event: 7.804 Thread 0x00007f4ff80187a0 DEOPT PACKING pc=0x00007f4fe90df788 sp=0x00007f4ffcc41bb0
Event: 7.804 Thread 0x00007f4ff80187a0 DEOPT UNPACKING pc=0x00007f4fe8aa2b19 sp=0x00007f4ffcc41b70 mode 2
Event: 7.804 Thread 0x00007f4ff80187a0 Uncommon trap: trap_request=0xffffffde fr.pc=0x00007f4fe9143ed8 relative=0x0000000000000978
Event: 7.804 Thread 0x00007f4ff80187a0 Uncommon trap: reason=class_check action=maybe_recompile pc=0x00007f4fe9143ed8 method=org.jetbrains.kotlin.com.intellij.openapi.vfs.VirtualFile.getExtension()Ljava/lang/String; @ 1 c2
Event: 7.804 Thread 0x00007f4ff80187a0 DEOPT PACKING pc=0x00007f4fe9143ed8 sp=0x00007f4ffcc41ca0
Event: 7.804 Thread 0x00007f4ff80187a0 DEOPT UNPACKING pc=0x00007f4fe8aa2b19 sp=0x00007f4ffcc41c88 mode 2
Event: 7.804 Thread 0x00007f4ff80187a0 Uncommon trap: trap_request=0xffffffde fr.pc=0x00007f4fe9127ca0 relative=0x0000000000000380
Event: 7.804 Thread 0x00007f4ff80187a0 Uncommon trap: reason=class_check action=maybe_recompile pc=0x00007f4fe9127ca0 method=org.jetbrains.kotlin.com.intellij.openapi.util.io.FileUtilRt.getExtension(Ljava/lang/CharSequence;Ljava/lang/String;)Ljava/lang/CharSequence; @ 14 c2
Event: 7.804 Thread 0x00007f4ff80187a0 DEOPT PACKING pc=0x00007f4fe9127ca0 sp=0x00007f4ffcc41c40
Event: 7.804 Thread 0x00007f4ff80187a0 DEOPT UNPACKING pc=0x00007f4fe8aa2b19 sp=0x00007f4ffcc41bf0 mode 2
Event: 7.804 Thread 0x00007f4ff80187a0 Uncommon trap: trap_request=0xffffffde fr.pc=0x00007f4fe90df788 relative=0x00000000000001e8
Event: 7.804 Thread 0x00007f4ff80187a0 Uncommon trap: reason=class_check action=maybe_recompile pc=0x00007f4fe90df788 method=org.jetbrains.kotlin.com.intellij.openapi.util.text.StringUtilRt.lastIndexOf(Ljava/lang/CharSequence;CII)I @ 17 c2
Event: 7.804 Thread 0x00007f4ff80187a0 DEOPT PACKING pc=0x00007f4fe90df788 sp=0x00007f4ffcc41bb0
Event: 7.804 Thread 0x00007f4ff80187a0 DEOPT UNPACKING pc=0x00007f4fe8aa2b19 sp=0x00007f4ffcc41b70 mode 2
Event: 8.005 Thread 0x00007f4ff80187a0 DEOPT PACKING pc=0x00007f4fe180a3d4 sp=0x00007f4ffcc40330
Event: 8.005 Thread 0x00007f4ff80187a0 DEOPT UNPACKING pc=0x00007f4fe8aa364f sp=0x00007f4ffcc3f840 mode 0

Classes loaded (20 events):
Event: 5.320 Loading class java/text/CharacterIterator done
Event: 5.320 Loading class java/text/StringCharacterIterator done
Event: 5.540 Loading class java/lang/annotation/ElementType
Event: 5.540 Loading class java/lang/annotation/ElementType done
Event: 5.540 Loading class java/lang/Deprecated
Event: 5.540 Loading class java/lang/Deprecated done
Event: 5.540 Loading class java/lang/Override
Event: 5.540 Loading class java/lang/Override done
Event: 6.310 Loading class java/util/ArrayList$SubList$1
Event: 6.311 Loading class java/util/ArrayList$SubList$1 done
Event: 6.655 Loading class java/util/AbstractList$ListItr
Event: 6.655 Loading class java/util/AbstractList$ListItr done
Event: 8.105 Loading class java/beans/PropertyChangeSupport
Event: 8.106 Loading class java/beans/PropertyChangeSupport done
Event: 8.107 Loading class java/beans/PropertyChangeSupport$PropertyChangeListenerMap
Event: 8.107 Loading class java/beans/ChangeListenerMap
Event: 8.108 Loading class java/beans/ChangeListenerMap done
Event: 8.108 Loading class java/beans/PropertyChangeSupport$PropertyChangeListenerMap done
Event: 8.108 Loading class java/beans/PropertyChangeListener
Event: 8.108 Loading class java/beans/PropertyChangeListener done

Classes unloaded (0 events):
No events

Classes redefined (0 events):
No events

Internal exceptions (20 events):
Event: 1.470 Thread 0x00007f4ff80187a0 Exception <a 'java/lang/NoSuchMethodError'{0x00000000e13b1830}: 'void java.lang.invoke.DirectMethodHandle$Holder.invokeStaticInit(java.lang.Object, java.lang.Object)'> (0x00000000e13b1830) 
thrown [./src/hotspot/share/interpreter/linkResolver.cpp, line 758]
Event: 1.534 Thread 0x00007f4ff80187a0 Exception <a 'java/lang/NoSuchMethodError'{0x00000000e1ee9300}: 'int java.lang.invoke.DirectMethodHandle$Holder.invokeVirtual(java.lang.Object, java.lang.Object, java.lang.Object)'> (0x00000000e1ee9300) 
thrown [./src/hotspot/share/interpreter/linkResolver.cpp, line 758]
Event: 1.647 Thread 0x00007f4ff80187a0 Exception <a 'java/lang/NoSuchMethodError'{0x00000000e1a342d8}: 'void java.lang.invoke.DirectMethodHandle$Holder.invokeVirtual(java.lang.Object, java.lang.Object)'> (0x00000000e1a342d8) 
thrown [./src/hotspot/share/interpreter/linkResolver.cpp, line 758]
Event: 1.661 Thread 0x00007f4ff80187a0 Exception <a 'java/lang/NoSuchMethodError'{0x00000000e1abc518}: 'java.lang.Object java.lang.invoke.DirectMethodHandle$Holder.invokeStatic(java.lang.Object, java.lang.Object, long, long)'> (0x00000000e1abc518) 
thrown [./src/hotspot/share/interpreter/linkResolver.cpp, line 758]
Event: 1.667 Thread 0x00007f4ff80187a0 Exception <a 'java/lang/NoSuchMethodError'{0x00000000e1ae02a0}: 'java.lang.Object java.lang.invoke.Invokers$Holder.invoke_MT(java.lang.Object, java.lang.Object, java.lang.Object)'> (0x00000000e1ae02a0) 
thrown [./src/hotspot/share/interpreter/linkResolver.cpp, line 758]
Event: 1.670 Thread 0x00007f4ff80187a0 Exception <a 'java/lang/NoSuchMethodError'{0x00000000e1af1888}: 'java.lang.Object java.lang.invoke.DirectMethodHandle$Holder.invokeStatic(java.lang.Object, java.lang.Object, java.lang.Object, long, java.lang.Object)'> (0x00000000e1af1888) 
thrown [./src/hotspot/share/interpreter/linkResolver.cpp, line 758]
Event: 1.670 Thread 0x00007f4ff80187a0 Exception <a 'java/lang/NoSuchMethodError'{0x00000000e1af9900}: 'java.lang.Object java.lang.invoke.DirectMethodHandle$Holder.newInvokeSpecial(java.lang.Object, java.lang.Object, java.lang.Object, long)'> (0x00000000e1af9900) 
thrown [./src/hotspot/share/interpreter/linkResolver.cpp, line 758]
Event: 2.119 Thread 0x00007f4ff80187a0 Exception <a 'java/lang/NoSuchMethodError'{0x00000000e205e5e0}: 'java.lang.Object java.lang.invoke.DirectMethodHandle$Holder.newInvokeSpecial(java.lang.Object, int, java.lang.Object, java.lang.Object, java.lang.Object, java.lang.Object)'> (0x00000000e205e5e0) 
thrown [./src/hotspot/share/interpreter/linkResolver.cpp, line 758]
Event: 2.145 Thread 0x00007f4ff80187a0 Exception <a 'java/lang/NoSuchMethodError'{0x00000000e1f47d18}: 'void java.lang.invoke.DirectMethodHandle$Holder.invokeStaticInit(java.lang.Object, java.lang.Object, java.lang.Object)'> (0x00000000e1f47d18) 
thrown [./src/hotspot/share/interpreter/linkResolver.cpp, line 758]
Event: 2.520 Thread 0x00007f4ff80187a0 Exception <a 'java/lang/NoSuchMethodError'{0x00000000e19c6f68}: 'java.lang.Object java.lang.invoke.DirectMethodHandle$Holder.newInvokeSpecial(java.lang.Object, java.lang.Object, java.lang.Object, java.lang.Object, java.lang.Object, java.lang.Object, java.lang.Object)'> (0x00000000e19c6f68) 
thrown [./src/hotspot/share/interpreter/linkResolver.cpp, line 758]
Event: 2.521 Thread 0x00007f4ff80187a0 Exception <a 'java/lang/NoSuchMethodError'{0x00000000e19cb878}: 'java.lang.Object java.lang.invoke.Invokers$Holder.linkToTargetMethod(java.lang.Object, java.lang.Object, java.lang.Object, java.lang.Object, java.lang.Object, java.lang.Object, java.lang.Object)'> (0x00000000e19cb878) 
thrown [./src/hotspot/share/interpreter/linkResolver.cpp, line 758]
Event: 3.833 Thread 0x00007f4ff80187a0 Exception <a 'java/lang/NoSuchMethodError'{0x00000000e2de1078}: 'java.lang.Object java.lang.invoke.DirectMethodHandle$Holder.invokeVirtual(java.lang.Object, java.lang.Object, java.lang.Object)'> (0x00000000e2de1078) 
thrown [./src/hotspot/share/interpreter/linkResolver.cpp, line 758]
Event: 4.109 Thread 0x00007f4ff80187a0 Exception <a 'java/lang/NoSuchMethodError'{0x00000000e2696888}: 'int java.lang.invoke.DirectMethodHandle$Holder.invokeStaticInit(java.lang.Object, int)'> (0x00000000e2696888) 
thrown [./src/hotspot/share/interpreter/linkResolver.cpp, line 758]
Event: 4.854 Thread 0x00007f4ff80187a0 Implicit null exception at 0x00007f4fe905ee04 to 0x00007f4fe905f7f4
Event: 5.135 Thread 0x00007f4ff80187a0 Exception <a 'java/lang/NoSuchMethodError'{0x00000000e3312340}: 'java.lang.Object java.lang.invoke.DirectMethodHandle$Holder.newInvokeSpecial(java.lang.Object, java.lang.Object, java.lang.Object, int, java.lang.Object)'> (0x00000000e3312340) 
thrown [./src/hotspot/share/interpreter/linkResolver.cpp, line 758]
Event: 5.136 Thread 0x00007f4ff80187a0 Exception <a 'java/lang/NoSuchMethodError'{0x00000000e3319f00}: 'java.lang.Object java.lang.invoke.Invokers$Holder.linkToTargetMethod(java.lang.Object, java.lang.Object, int, java.lang.Object, java.lang.Object)'> (0x00000000e3319f00) 
thrown [./src/hotspot/share/interpreter/linkResolver.cpp, line 758]
Event: 5.842 Thread 0x00007f4ff80187a0 Implicit null exception at 0x00007f4fe910e960 to 0x00007f4fe910fd94
Event: 5.842 Thread 0x00007f4ff80187a0 Implicit null exception at 0x00007f4fe907550d to 0x00007f4fe9075a88
Event: 6.314 Thread 0x00007f4ff80187a0 Exception <a 'java/lang/NoSuchMethodError'{0x00000000e2bb96e0}: 'java.lang.Object java.lang.invoke.DirectMethodHandle$Holder.newInvokeSpecial(java.lang.Object, java.lang.Object, java.lang.Object, java.lang.Object, java.lang.Object, java.lang.Object)'> (0x00000000e2bb96e0) 
thrown [./src/hotspot/share/interpreter/linkResolver.cpp, line 758]
Event: 8.005 Thread 0x00007f4ff80187a0 Exception <a 'java/lang/NoSuchMethodError'{0x00000000e38a7bf0}: 'java.lang.Object java.lang.invoke.Invokers$Holder.invokeExact_MT(java.lang.Object, java.lang.Object, java.lang.Object, java.lang.Object, java.lang.Object, java.lang.Object)'> (0x00000000e38a7bf0) 
thrown [./src/hotspot/share/interpreter/linkResolver.cpp, line 758]

VM Operations (20 events):
Event: 6.102 Executing VM operation: G1CollectForAllocation done
Event: 6.656 Executing VM operation: HandshakeAllThreads
Event: 6.656 Executing VM operation: HandshakeAllThreads done
Event: 6.721 Executing VM operation: G1CollectForAllocation
Event: 6.730 Executing VM operation: G1CollectForAllocation done
Event: 6.839 Executing VM operation: G1CollectForAllocation
Event: 6.899 Executing VM operation: G1CollectForAllocation done
Event: 6.921 Executing VM operation: G1PauseRemark
Event: 6.927 Executing VM operation: G1PauseRemark done
Event: 6.934 Executing VM operation: G1CollectForAllocation
Event: 6.943 Executing VM operation: G1CollectForAllocation done
Event: 7.037 Executing VM operation: G1PauseCleanup
Event: 7.037 Executing VM operation: G1PauseCleanup done
Event: 7.205 Executing VM operation: G1CollectForAllocation
Event: 7.215 Executing VM operation: G1CollectForAllocation done
Event: 8.003 Executing VM operation: HandshakeAllThreads
Event: 8.004 Executing VM operation: HandshakeAllThreads done
Event: 8.099 Executing VM operation: HandshakeAllThreads
Event: 8.100 Executing VM operation: HandshakeAllThreads done
Event: 8.132 Executing VM operation: G1CollectForAllocation

Memory protections (11 events):
Event: 0.005 Protecting memory [0x00007f4ffcb46000,0x00007f4ffcb4a000] with protection modes 0
Event: 0.029 Protecting memory [0x00007f4fd1d2e000,0x00007f4fd1d32000] with protection modes 0
Event: 0.029 Protecting memory [0x00007f4fd1c2d000,0x00007f4fd1c31000] with protection modes 0
Event: 0.033 Protecting memory [0x00007f4fd1b2c000,0x00007f4fd1b30000] with protection modes 0
Event: 0.034 Protecting memory [0x00007f4fd1a2b000,0x00007f4fd1a2f000] with protection modes 0
Event: 0.034 Protecting memory [0x00007f4fd192a000,0x00007f4fd192e000] with protection modes 0
Event: 0.034 Protecting memory [0x00007f4fd1829000,0x00007f4fd182d000] with protection modes 0
Event: 0.034 Protecting memory [0x00007f4fd1728000,0x00007f4fd172c000] with protection modes 0
Event: 0.041 Protecting memory [0x00007f4fd1627000,0x00007f4fd162b000] with protection modes 0
Event: 0.042 Protecting memory [0x00007f4fd1526000,0x00007f4fd152a000] with protection modes 0
Event: 0.043 Protecting memory [0x00007f4fd1324000,0x00007f4fd1328000] with protection modes 0

Nmethod flushes (0 events):
No events

Events (11 events):
Event: 0.027 Thread 0x00007f4ff80187a0 Thread added: 0x00007f4ff80187a0
Event: 0.029 Thread 0x00007f4ff80187a0 Thread added: 0x00007f4ff80956e0
Event: 0.029 Thread 0x00007f4ff80187a0 Thread added: 0x00007f4ff8096ac0
Event: 0.033 Thread 0x00007f4ff80187a0 Thread added: 0x00007f4ff809d6d0
Event: 0.034 Thread 0x00007f4ff80187a0 Thread added: 0x00007f4ff809ea80
Event: 0.034 Thread 0x00007f4ff80187a0 Thread added: 0x00007f4ff809fe90
Event: 0.034 Thread 0x00007f4ff80187a0 Thread added: 0x00007f4ff80a1840
Event: 0.034 Thread 0x00007f4ff80187a0 Thread added: 0x00007f4ff80a2d70
Event: 0.036 Thread 0x00007f4ff80187a0 Thread added: 0x00007f4ff80a41e0
Event: 0.042 Thread 0x00007f4ff80187a0 Thread added: 0x00007f4ff80b4840
Event: 0.043 Thread 0x00007f4ff80187a0 Thread added: 0x00007f4ff80b7890


Dynamic libraries:
e0000000-e3f00000 rw-p 00000000 00:00 0 
e7400000-ffe00000 ---p 00000000 00:00 0 
ffe00000-ffe75000 rw-p 00c7a000 00:25 13853                              /usr/lib/jvm/java-17-openjdk-amd64/lib/server/classes.jsa
ffe75000-fff00000 rw-p 00000000 00:00 0 
fff00000-fff78000 rw-p 00c02000 00:25 13853                              /usr/lib/jvm/java-17-openjdk-amd64/lib/server/classes.jsa
fff78000-100000000 rw-p 00000000 00:00 0 
563c95c61000-563c95c62000 r--p 00000000 00:25 13495                      /usr/lib/jvm/java-17-openjdk-amd64/bin/java
563c95c62000-563c95c63000 r-xp 00001000 00:25 13495                      /usr/lib/jvm/java-17-openjdk-amd64/bin/java
563c95c63000-563c95c64000 r--p 00002000 00:25 13495                      /usr/lib/jvm/java-17-openjdk-amd64/bin/java
563c95c64000-563c95c65000 r--p 00002000 00:25 13495                      /usr/lib/jvm/java-17-openjdk-amd64/bin/java
563c95c65000-563c95c66000 rw-p 00003000 00:25 13495                      /usr/lib/jvm/java-17-openjdk-amd64/bin/java
563c96fad000-563c96ff4000 rw-p 00000000 00:00 0                          [heap]
7f4f5c000000-7f4f5c5be000 rw-p 00000000 00:00 0 
7f4f5c5be000-7f4f60000000 ---p 00000000 00:00 0 
7f4f60000000-7f4f60021000 rw-p 00000000 00:00 0 
7f4f60021000-7f4f64000000 ---p 00000000 00:00 0 
7f4f64000000-7f4f64021000 rw-p 00000000 00:00 0 
7f4f64021000-7f4f68000000 ---p 00000000 00:00 0 
7f4f68000000-7f4f6943c000 rw-p 00000000 00:00 0 
7f4f6943c000-7f4f6c000000 ---p 00000000 00:00 0 
7f4f6c000000-7f4f6c021000 rw-p 00000000 00:00 0 
7f4f6c021000-7f4f70000000 ---p 00000000 00:00 0 
7f4f70000000-7f4f70021000 rw-p 00000000 00:00 0 
7f4f70021000-7f4f74000000 ---p 00000000 00:00 0 
7f4f74000000-7f4f74021000 rw-p 00000000 00:00 0 
7f4f74021000-7f4f78000000 ---p 00000000 00:00 0 
7f4f78000000-7f4f78021000 rw-p 00000000 00:00 0 
7f4f78021000-7f4f7c000000 ---p 00000000 00:00 0 
7f4f7c000000-7f4f7c176000 rw-p 00000000 00:00 0 
7f4f7c176000-7f4f80000000 ---p 00000000 00:00 0 
7f4f8139b000-7f4f81629000 rw-p 00000000 00:00 0 
7f4f81629000-7f4f83000000 r--s 00000000 fe:00 527937                     /opt/android-sdk/platforms/android-35/android.jar
7f4f83000000-7f4f83455000 rw-p 00001000 00:25 13853                      /usr/lib/jvm/java-17-openjdk-amd64/lib/server/classes.jsa
7f4f83455000-7f4f83bca000 rw-p 00456000 00:25 13853                      /usr/lib/jvm/java-17-openjdk-amd64/lib/server/classes.jsa
7f4f83bca000-7f4f84000000 ---p 00000000 00:00 0 
7f4f84000000-7f4f84040000 rw-p 00000000 00:00 0 
7f4f84040000-7f4f84080000 rw-p 00000000 00:00 0 
7f4f84080000-7f4f844f0000 rw-p 00000000 00:00 0 
7f4f844f0000-7f4fc4000000 ---p 00000000 00:00 0 
7f4fc4000000-7f4fc4021000 rw-p 00000000 00:00 0 
7f4fc4021000-7f4fc8000000 ---p 00000000 00:00 0 
7f4fc8000000-7f4fc8290000 rw-p 00000000 00:00 0 
7f4fc8290000-7f4fc8400000 ---p 00000000 00:00 0 
7f4fc8400000-7f4fca4d0000 rw-p 00000000 00:00 0 
7f4fca4d0000-7f4fcc000000 ---p 00000000 00:00 0 
7f4fcc000000-7f4fcc021000 rw-p 00000000 00:00 0 
7f4fcc021000-7f4fd0000000 ---p 00000000 00:00 0 
7f4fd01c6000-7f4fd032c000 r--s 00000000 fe:00 536656                     /root/.gradle/caches/modules-2/files-2.1/org.jetbrains.kotlinx/kotlinx-coroutines-core-jvm/1.9.0/9beade4c1c1569e4f36cbd2c37e02e3e41502601/kotlinx-coroutines-core-jvm-1.9.0.jar
7f4fd032c000-7f4fd040a000 r--s 00000000 fe:00 142913                     /root/.gradle/caches/8.12/transforms/87f86f0a9e71e09cb21ad39b74d8424b/transformed/recyclerview-1.3.0-api.jar
7f4fd040a000-7f4fd046f000 r--s 00000000 fe:00 546038                     /root/.gradle/caches/8.12/transforms/da770b17d642c91bb4236ee827d7fd0b/transformed/core-ktx-1.15.0-api.jar
7f4fd046f000-7f4fd0484000 r--s 00000000 fe:00 546039                     /root/.gradle/caches/8.12/transforms/e870b3b8d943fc7942d775a654c20024/transformed/lifecycle-viewmodel-savedstate-2.8.7-api.jar
7f4fd0484000-7f4fd04fb000 r--s 00000000 fe:00 404517                     /root/.gradle/caches/8.12/transforms/bfbd425e342b0307304203e7e2d5fcbf/transformed/activity-1.10.0-api.jar
7f4fd04fb000-7f4fd07ad000 r--s 00000000 fe:00 404542                     /root/.gradle/caches/8.12/transforms/d854e80b03c8908d40d85bc45119c256/transformed/core-1.15.0-api.jar
7f4fd07ad000-7f4fd095e000 r--s 00000000 fe:00 273143                     /root/.gradle/caches/8.12/transforms/0d206df5d71b1c321a76db2204bbf55e/transformed/appcompat-1.7.0-api.jar
7f4fd095e000-7f4fd0afb000 r--s 00000000 fe:00 541148                     /root/.gradle/caches/modules-2/files-2.1/org.jetbrains.kotlin/kotlin-stdlib/2.1.0/85f8b81009cda5890e54ba67d64b5e599c645020/kotlin-stdlib-2.1.0.jar
7f4fd0bc2000-7f4fd0bce000 r--s 00000000 fe:00 540875                     /root/.gradle/caches/modules-2/files-2.1/com.google.dagger/dagger/2.52/c385ea51a9873b238d183faa22d54c00d65195ac/dagger-2.52.jar
7f4fd0bce000-7f4fd0bef000 r--s 00000000 fe:00 546028                     /root/.gradle/caches/8.12/transforms/1354a17e12c51aa2341157a12ec14124/transformed/lifecycle-livedata-2.8.7-api.jar
7f4fd0bef000-7f4fd0c0e000 r--s 00000000 fe:00 546018                     /root/.gradle/caches/8.12/transforms/a495559f5fa437ec157c35ec70fae97d/transformed/lifecycle-runtime-release-api.jar
7f4fd0c0e000-7f4fd0c2f000 r--s 00000000 fe:00 546017                     /root/.gradle/caches/8.12/transforms/85917578d836ba6c5c59b100a5ac1c37/transformed/lifecycle-viewmodel-release-api.jar
7f4fd0c2f000-7f4fd0cd5000 r--s 00000000 fe:00 404507                     /root/.gradle/caches/8.12/transforms/eeec82ab7fd5628512fac9c77d8fc250/transformed/fragment-1.6.2-api.jar
7f4fd0cd5000-7f4fd0cec000 r--s 00000000 fe:00 546045                     /root/.gradle/caches/8.12/transforms/8e1615f031c7db74d2bac4daf3e2b4b8/transformed/room-ktx-2.6.1-api.jar
7f4fd0cec000-7f4fd0daa000 r--s 00000000 fe:00 540964                     /root/.gradle/caches/modules-2/files-2.1/androidx.collection/collection-jvm/1.4.2/bc60b5568a66d765a9fe8e266fd0c6c727e0b50b/collection-jvm-1.4.2.jar
7f4fd0daa000-7f4fd0ddc000 r--s 00000000 fe:00 273149                     /root/.gradle/caches/8.12/transforms/176ab50dc032279edf0d00db9848408d/transformed/hilt-android-2.52-api.jar
7f4fd0de0000-7f4fd0df0000 r--s 00000000 fe:00 540867                     /root/.gradle/caches/modules-2/files-2.1/androidx.room/room-common/2.6.1/ff1b9580850a9b7eef56554e356628d225785265/room-common-2.6.1.jar
7f4fd0df0000-7f4fd0e78000 r--s 00000000 fe:00 546043                     /root/.gradle/caches/8.12/transforms/67d07672b23989fff1c2c3c14796c2e9/transformed/room-runtime-2.6.1-api.jar
7f4fd0e78000-7f4fd0e86000 r--s 00000000 fe:00 541002                     /root/.gradle/caches/modules-2/files-2.1/androidx.annotation/annotation-jvm/1.8.1/b8a16fe526014b7941c1debaccaf9c5153692dbb/annotation-jvm-1.8.1.jar
7f4fd0e86000-7f4fd0ede000 r--s 00000000 fe:00 541102                     /root/.gradle/caches/modules-2/files-2.1/com.squareup.okio/okio-jvm/3.6.0/5600569133b7bdefe1daf9ec7f4abeb6d13e1786/okio-jvm-3.6.0.jar
7f4fd0edf000-7f4fd0eed000 r--s 00000000 fe:00 527319                     /root/.gradle/caches/modules-2/files-2.1/androidx.lifecycle/lifecycle-common-jvm/2.8.7/7174a594afb73a9ad9ac9074ce78b94af3cc52a7/lifecycle-common-jvm-2.8.7.jar
7f4fd0eed000-7f4fd0eff000 r--s 00000000 fe:00 273162                     /root/.gradle/caches/8.12/transforms/ddefb1d1f38fc3d93f23e8cc38be8c90/transformed/fragment-ktx-1.6.2-api.jar
7f4fd0eff000-7f4fd0f00000 ---p 00000000 00:00 0 
7f4fd0f00000-7f4fd1000000 rw-p 00000000 00:00 0 
7f4fd1000000-7f4fd1003000 r-xp 00000000 fe:00 546676                     /tmp/jansi-2.4.0-c77e294047e576b-libjansi.so
7f4fd1003000-7f4fd1202000 ---p 00003000 fe:00 546676                     /tmp/jansi-2.4.0-c77e294047e576b-libjansi.so
7f4fd1202000-7f4fd1203000 rw-p 00002000 fe:00 546676                     /tmp/jansi-2.4.0-c77e294047e576b-libjansi.so
7f4fd1209000-7f4fd1218000 r--s 00000000 fe:00 142955                     /root/.gradle/caches/8.12/transforms/de4f03338709ae3af55a787e0c883ea5/transformed/sqlite-2.4.0-api.jar
7f4fd1218000-7f4fd1222000 r--s 00000000 fe:00 546052                     /root/.gradle/caches/8.12/transforms/3079001a64cb5ebf2779c75c19c87688/transformed/savedstate-1.2.1-api.jar
7f4fd1222000-7f4fd1223000 ---p 00000000 00:00 0 
7f4fd1223000-7f4fd1323000 rw-p 00000000 00:00 0 
7f4fd1323000-7f4fd1324000 ---p 00000000 00:00 0 
7f4fd1324000-7f4fd1328000 ---p 00000000 00:00 0 
7f4fd1328000-7f4fd1424000 rw-p 00000000 00:00 0 
7f4fd1424000-7f4fd1425000 ---p 00000000 00:00 0 
7f4fd1425000-7f4fd1525000 rw-p 00000000 00:00 0 
7f4fd1525000-7f4fd1526000 ---p 00000000 00:00 0 
7f4fd1526000-7f4fd152a000 ---p 00000000 00:00 0 
7f4fd152a000-7f4fd1626000 rw-p 00000000 00:00 0 
7f4fd1626000-7f4fd1627000 ---p 00000000 00:00 0 
7f4fd1627000-7f4fd162b000 ---p 00000000 00:00 0 
7f4fd162b000-7f4fd1727000 rw-p 00000000 00:00 0 
7f4fd1727000-7f4fd1728000 ---p 00000000 00:00 0 
7f4fd1728000-7f4fd172c000 ---p 00000000 00:00 0 
7f4fd172c000-7f4fd1828000 rw-p 00000000 00:00 0 
7f4fd1828000-7f4fd1829000 ---p 00000000 00:00 0 
7f4fd1829000-7f4fd182d000 ---p 00000000 00:00 0 
7f4fd182d000-7f4fd1929000 rw-p 00000000 00:00 0 
7f4fd1929000-7f4fd192a000 ---p 00000000 00:00 0 
7f4fd192a000-7f4fd192e000 ---p 00000000 00:00 0 
7f4fd192e000-7f4fd1a2a000 rw-p 00000000 00:00 0 
7f4fd1a2a000-7f4fd1a2b000 ---p 00000000 00:00 0 
7f4fd1a2b000-7f4fd1a2f000 ---p 00000000 00:00 0 
7f4fd1a2f000-7f4fd1b2b000 rw-p 00000000 00:00 0 
7f4fd1b2b000-7f4fd1b2c000 ---p 00000000 00:00 0 
7f4fd1b2c000-7f4fd1b30000 ---p 00000000 00:00 0 
7f4fd1b30000-7f4fd1c2c000 rw-p 00000000 00:00 0 
7f4fd1c2c000-7f4fd1c2d000 ---p 00000000 00:00 0 
7f4fd1c2d000-7f4fd1c31000 ---p 00000000 00:00 0 
7f4fd1c31000-7f4fd1d2d000 rw-p 00000000 00:00 0 
7f4fd1d2d000-7f4fd1d2e000 ---p 00000000 00:00 0 
7f4fd1d2e000-7f4fd1d32000 ---p 00000000 00:00 0 
7f4fd1d32000-7f4fd1e2e000 rw-p 00000000 00:00 0 
7f4fd1e2e000-7f4fd1e2f000 ---p 00000000 00:00 0 
7f4fd1e2f000-7f4fd1f2f000 rw-p 00000000 00:00 0 
7f4fd1f2f000-7f4fd1f34000 r--p 00000000 00:25 13828                      /usr/lib/jvm/java-17-openjdk-amd64/lib/libjsvml.so
7f4fd1f34000-7f4fd1f75000 r-xp 00005000 00:25 13828                      /usr/lib/jvm/java-17-openjdk-amd64/lib/libjsvml.so
7f4fd1f75000-7f4fd1ffe000 r--p 00046000 00:25 13828                      /usr/lib/jvm/java-17-openjdk-amd64/lib/libjsvml.so
7f4fd1ffe000-7f4fd1fff000 r--p 000ce000 00:25 13828                      /usr/lib/jvm/java-17-openjdk-amd64/lib/libjsvml.so
7f4fd1fff000-7f4fd2000000 rw-p 000cf000 00:25 13828                      /usr/lib/jvm/java-17-openjdk-amd64/lib/libjsvml.so
7f4fd2000000-7f4fd4000000 rw-p 00000000 00:00 0 
7f4fd4000000-7f4fd4021000 rw-p 00000000 00:00 0 
7f4fd4021000-7f4fd8000000 ---p 00000000 00:00 0 
7f4fd8000000-7f4fd8021000 rw-p 00000000 00:00 0 
7f4fd8021000-7f4fdc000000 ---p 00000000 00:00 0 
7f4fdc000000-7f4fdc021000 rw-p 00000000 00:00 0 
7f4fdc021000-7f4fe0000000 ---p 00000000 00:00 0 
7f4fe0006000-7f4fe0018000 r--s 00000000 fe:00 273184                     /root/.gradle/caches/8.12/transforms/79f572302eb7a8e8323d1d7339ab2936/transformed/sqlite-framework-2.4.0-api.jar
7f4fe0018000-7f4fe001c000 r--p 00000000 00:25 13842                      /usr/lib/jvm/java-17-openjdk-amd64/lib/libverify.so
7f4fe001c000-7f4fe0023000 r-xp 00004000 00:25 13842                      /usr/lib/jvm/java-17-openjdk-amd64/lib/libverify.so
7f4fe0023000-7f4fe0025000 r--p 0000b000 00:25 13842                      /usr/lib/jvm/java-17-openjdk-amd64/lib/libverify.so
7f4fe0025000-7f4fe0027000 r--p 0000c000 00:25 13842                      /usr/lib/jvm/java-17-openjdk-amd64/lib/libverify.so
7f4fe0027000-7f4fe0028000 rw-p 0000e000 00:25 13842                      /usr/lib/jvm/java-17-openjdk-amd64/lib/libverify.so
7f4fe0028000-7f4fe002a000 r--p 00000000 00:25 13843                      /usr/lib/jvm/java-17-openjdk-amd64/lib/libzip.so
7f4fe002a000-7f4fe002e000 r-xp 00002000 00:25 13843                      /usr/lib/jvm/java-17-openjdk-amd64/lib/libzip.so
7f4fe002e000-7f4fe0030000 r--p 00006000 00:25 13843                      /usr/lib/jvm/java-17-openjdk-amd64/lib/libzip.so
7f4fe0030000-7f4fe0031000 r--p 00007000 00:25 13843                      /usr/lib/jvm/java-17-openjdk-amd64/lib/libzip.so
7f4fe0031000-7f4fe0032000 rw-p 00008000 00:25 13843                      /usr/lib/jvm/java-17-openjdk-amd64/lib/libzip.so
7f4fe0032000-7f4fe0063000 rw-p 00000000 00:00 0 
7f4fe0063000-7f4fe00ba000 r--p 00000000 00:25 13893                      /usr/lib/locale/C.utf8/LC_CTYPE
7f4fe00ba000-7f4fe01d7000 rw-p 00000000 00:00 0 
7f4fe01db000-7f4fe01e0000 r--s 00000000 fe:00 541230                     /root/.gradle/caches/modules-2/files-2.1/com.google.dagger/hilt-core/2.52/d8e3f33770f8b5d9e2e29a303278c3e41faa9980/hilt-core-2.52.jar
7f4fe01e0000-7f4fe01e4000 r--p 00000000 00:25 13834                      /usr/lib/jvm/java-17-openjdk-amd64/lib/libnet.so
7f4fe01e4000-7f4fe01f2000 r-xp 00004000 00:25 13834                      /usr/lib/jvm/java-17-openjdk-amd64/lib/libnet.so
7f4fe01f2000-7f4fe01f6000 r--p 00012000 00:25 13834                      /usr/lib/jvm/java-17-openjdk-amd64/lib/libnet.so
7f4fe01f6000-7f4fe01f7000 r--p 00015000 00:25 13834                      /usr/lib/jvm/java-17-openjdk-amd64/lib/libnet.so
7f4fe01f7000-7f4fe01f8000 rw-p 00016000 00:25 13834                      /usr/lib/jvm/java-17-openjdk-amd64/lib/libnet.so
7f4fe01f8000-7f4fe01ff000 r--p 00000000 00:25 13835                      /usr/lib/jvm/java-17-openjdk-amd64/lib/libnio.so
7f4fe01ff000-7f4fe0208000 r-xp 00007000 00:25 13835                      /usr/lib/jvm/java-17-openjdk-amd64/lib/libnio.so
7f4fe0208000-7f4fe020c000 r--p 00010000 00:25 13835                      /usr/lib/jvm/java-17-openjdk-amd64/lib/libnio.so
7f4fe020c000-7f4fe020d000 r--p 00014000 00:25 13835                      /usr/lib/jvm/java-17-openjdk-amd64/lib/libnio.so
7f4fe020d000-7f4fe020e000 rw-p 00015000 00:25 13835                      /usr/lib/jvm/java-17-openjdk-amd64/lib/libnio.so
7f4fe020e000-7f4fe020f000 ---p 00000000 00:00 0 
7f4fe020f000-7f4fe030f000 rw-p 00000000 00:00 0 
7f4fe030f000-7f4fe0310000 ---p 00000000 00:00 0 
7f4fe0310000-7f4fe060d000 rw-p 00000000 00:00 0 
7f4fe060d000-7f4fe0d09000 ---p 00000000 00:00 0 
7f4fe0d09000-7f4fe0e0d000 rw-p 00000000 00:00 0 
7f4fe0e0d000-7f4fe1509000 ---p 00000000 00:00 0 
7f4fe1509000-7f4fe1511000 rw-p 00000000 00:00 0 
7f4fe1511000-7f4fe1ca1000 rwxp 00000000 00:00 0 
7f4fe1ca1000-7f4fe8a49000 ---p 00000000 00:00 0 
7f4fe8a49000-7f4fe8cb9000 rwxp 00000000 00:00 0 
7f4fe8cb9000-7f4fe8fd8000 ---p 00000000 00:00 0 
7f4fe8fd8000-7f4fe9248000 rwxp 00000000 00:00 0 
7f4fe9248000-7f4ff0511000 ---p 00000000 00:00 0 
7f4ff0511000-7f4ff8000000 r--s 00000000 00:25 13844                      /usr/lib/jvm/java-17-openjdk-amd64/lib/modules
7f4ff8000000-7f4ff9374000 rw-p 00000000 00:00 0 
7f4ff9374000-7f4ffc000000 ---p 00000000 00:00 0 
7f4ffc000000-7f4ffc001000 r--s 00000000 fe:00 526237                     /root/.gradle/caches/modules-2/files-2.1/javax.inject/javax.inject/1/6975da39a7040257bd51d21a231b76c915872d38/javax.inject-1.jar
7f4ffc001000-7f4ffc002000 r--s 00000000 fe:00 546049                     /root/.gradle/caches/8.12/transforms/74417822fb9aaebcd01fd8431634a359/transformed/savedstate-ktx-1.2.1-api.jar
7f4ffc002000-7f4ffc008000 r--s 00000000 fe:00 546023                     /root/.gradle/caches/8.12/transforms/d9bdb6cd6ae6c6dc0e6bba968cbcdd89/transformed/lifecycle-livedata-core-2.8.7-api.jar
7f4ffc008000-7f4ffc009000 r--p 00000000 00:25 13899                      /usr/lib/locale/C.utf8/LC_NUMERIC
7f4ffc009000-7f4ffc00a000 r--p 00000000 00:25 13902                      /usr/lib/locale/C.utf8/LC_TIME
7f4ffc00a000-7f4ffc00b000 r--p 00000000 00:25 13892                      /usr/lib/locale/C.utf8/LC_COLLATE
7f4ffc00b000-7f4ffc00c000 r--p 00000000 00:25 13897                      /usr/lib/locale/C.utf8/LC_MONETARY
7f4ffc00c000-7f4ffc00d000 r--p 00000000 00:25 13896                      /usr/lib/locale/C.utf8/LC_MESSAGES/SYS_LC_MESSAGES
7f4ffc00d000-7f4ffc00e000 r--p 00000000 00:25 13900                      /usr/lib/locale/C.utf8/LC_PAPER
7f4ffc00e000-7f4ffc00f000 r--p 00000000 00:25 13898                      /usr/lib/locale/C.utf8/LC_NAME
7f4ffc00f000-7f4ffc016000 r--s 00000000 00:25 17585                      /usr/lib/x86_64-linux-gnu/gconv/gconv-modules.cache
7f4ffc016000-7f4ffc117000 rw-p 00000000 00:00 0 
7f4ffc117000-7f4ffc118000 ---p 00000000 00:00 0 
7f4ffc118000-7f4ffc218000 rw-p 00000000 00:00 0 
7f4ffc218000-7f4ffc219000 ---p 00000000 00:00 0 
7f4ffc219000-7f4ffc319000 rw-p 00000000 00:00 0 
7f4ffc319000-7f4ffc31a000 ---p 00000000 00:00 0 
7f4ffc31a000-7f4ffc44c000 rw-p 00000000 00:00 0 
7f4ffc44c000-7f4ffc52b000 ---p 00000000 00:00 0 
7f4ffc52b000-7f4ffc54c000 rw-p 00000000 00:00 0 
7f4ffc54c000-7f4ffc62b000 ---p 00000000 00:00 0 
7f4ffc62b000-7f4ffc64c000 rw-p 00000000 00:00 0 
7f4ffc64c000-7f4ffc72b000 ---p 00000000 00:00 0 
7f4ffc72b000-7f4ffc933000 rw-p 00000000 00:00 0 
7f4ffc933000-7f4ffca19000 ---p 00000000 00:00 0 
7f4ffca19000-7f4ffca29000 rw-p 00000000 00:00 0 
7f4ffca29000-7f4ffcb04000 ---p 00000000 00:00 0 
7f4ffcb04000-7f4ffcb09000 rw-p 00000000 00:00 0 
7f4ffcb09000-7f4ffcb10000 ---p 00000000 00:00 0 
7f4ffcb10000-7f4ffcb1c000 r--p 00000000 00:25 13820                      /usr/lib/jvm/java-17-openjdk-amd64/lib/libjava.so
7f4ffcb1c000-7f4ffcb2d000 r-xp 0000c000 00:25 13820                      /usr/lib/jvm/java-17-openjdk-amd64/lib/libjava.so
7f4ffcb2d000-7f4ffcb33000 r--p 0001d000 00:25 13820                      /usr/lib/jvm/java-17-openjdk-amd64/lib/libjava.so
7f4ffcb33000-7f4ffcb34000 r--p 00022000 00:25 13820                      /usr/lib/jvm/java-17-openjdk-amd64/lib/libjava.so
7f4ffcb34000-7f4ffcb35000 rw-p 00023000 00:25 13820                      /usr/lib/jvm/java-17-openjdk-amd64/lib/libjava.so
7f4ffcb35000-7f4ffcb36000 rw-p 00000000 00:00 0 
7f4ffcb36000-7f4ffcb3e000 rw-s 00000000 fe:00 546569                     /tmp/hsperfdata_root/8425
7f4ffcb3e000-7f4ffcb40000 r--p 00000000 00:25 13824                      /usr/lib/jvm/java-17-openjdk-amd64/lib/libjimage.so
7f4ffcb40000-7f4ffcb43000 r-xp 00002000 00:25 13824                      /usr/lib/jvm/java-17-openjdk-amd64/lib/libjimage.so
7f4ffcb43000-7f4ffcb44000 r--p 00005000 00:25 13824                      /usr/lib/jvm/java-17-openjdk-amd64/lib/libjimage.so
7f4ffcb44000-7f4ffcb45000 r--p 00006000 00:25 13824                      /usr/lib/jvm/java-17-openjdk-amd64/lib/libjimage.so
7f4ffcb45000-7f4ffcb46000 rw-p 00007000 00:25 13824                      /usr/lib/jvm/java-17-openjdk-amd64/lib/libjimage.so
7f4ffcb46000-7f4ffcb4a000 ---p 00000000 00:00 0 
7f4ffcb4a000-7f4ffcc46000 rw-p 00000000 00:00 0 
7f4ffcc46000-7f4ffcc49000 r--p 00000000 00:25 17971                      /usr/lib/x86_64-linux-gnu/libgcc_s.so.1
7f4ffcc49000-7f4ffcc60000 r-xp 00003000 00:25 17971                      /usr/lib/x86_64-linux-gnu/libgcc_s.so.1
7f4ffcc60000-7f4ffcc64000 r--p 0001a000 00:25 17971                      /usr/lib/x86_64-linux-gnu/libgcc_s.so.1
7f4ffcc64000-7f4ffcc65000 r--p 0001d000 00:25 17971                      /usr/lib/x86_64-linux-gnu/libgcc_s.so.1
7f4ffcc65000-7f4ffcc66000 rw-p 0001e000 00:25 17971                      /usr/lib/x86_64-linux-gnu/libgcc_s.so.1
7f4ffcc66000-7f4ffcc76000 r--p 00000000 00:25 18072                      /usr/lib/x86_64-linux-gnu/libm.so.6
7f4ffcc76000-7f4ffccea000 r-xp 00010000 00:25 18072                      /usr/lib/x86_64-linux-gnu/libm.so.6
7f4ffccea000-7f4ffcd44000 r--p 00084000 00:25 18072                      /usr/lib/x86_64-linux-gnu/libm.so.6
7f4ffcd44000-7f4ffcd45000 r--p 000dd000 00:25 18072                      /usr/lib/x86_64-linux-gnu/libm.so.6
7f4ffcd45000-7f4ffcd46000 rw-p 000de000 00:25 18072                      /usr/lib/x86_64-linux-gnu/libm.so.6
7f4ffcd46000-7f4ffcddf000 r--p 00000000 00:25 18239                      /usr/lib/x86_64-linux-gnu/libstdc++.so.6.0.30
7f4ffcddf000-7f4ffcee0000 r-xp 00099000 00:25 18239                      /usr/lib/x86_64-linux-gnu/libstdc++.so.6.0.30
7f4ffcee0000-7f4ffcf4f000 r--p 0019a000 00:25 18239                      /usr/lib/x86_64-linux-gnu/libstdc++.so.6.0.30
7f4ffcf4f000-7f4ffcf5a000 r--p 00209000 00:25 18239                      /usr/lib/x86_64-linux-gnu/libstdc++.so.6.0.30
7f4ffcf5a000-7f4ffcf5d000 rw-p 00214000 00:25 18239                      /usr/lib/x86_64-linux-gnu/libstdc++.so.6.0.30
7f4ffcf5d000-7f4ffcf60000 rw-p 00000000 00:00 0 
7f4ffcf60000-7f4ffd1b1000 r--p 00000000 00:25 13856                      /usr/lib/jvm/java-17-openjdk-amd64/lib/server/libjvm.so
7f4ffd1b1000-7f4ffdf03000 r-xp 00251000 00:25 13856                      /usr/lib/jvm/java-17-openjdk-amd64/lib/server/libjvm.so
7f4ffdf03000-7f4ffe185000 r--p 00fa3000 00:25 13856                      /usr/lib/jvm/java-17-openjdk-amd64/lib/server/libjvm.so
7f4ffe185000-7f4ffe23d000 r--p 01225000 00:25 13856                      /usr/lib/jvm/java-17-openjdk-amd64/lib/server/libjvm.so
7f4ffe23d000-7f4ffe272000 rw-p 012dd000 00:25 13856                      /usr/lib/jvm/java-17-openjdk-amd64/lib/server/libjvm.so
7f4ffe272000-7f4ffe2ce000 rw-p 00000000 00:00 0 
7f4ffe2ce000-7f4ffe2f4000 r--p 00000000 00:25 17860                      /usr/lib/x86_64-linux-gnu/libc.so.6
7f4ffe2f4000-7f4ffe44a000 r-xp 00026000 00:25 17860                      /usr/lib/x86_64-linux-gnu/libc.so.6
7f4ffe44a000-7f4ffe49d000 r--p 0017c000 00:25 17860                      /usr/lib/x86_64-linux-gnu/libc.so.6
7f4ffe49d000-7f4ffe4a1000 r--p 001cf000 00:25 17860                      /usr/lib/x86_64-linux-gnu/libc.so.6
7f4ffe4a1000-7f4ffe4a3000 rw-p 001d3000 00:25 17860                      /usr/lib/x86_64-linux-gnu/libc.so.6
7f4ffe4a3000-7f4ffe4b0000 rw-p 00000000 00:00 0 
7f4ffe4b0000-7f4ffe4b2000 r--p 00000000 00:25 13825                      /usr/lib/jvm/java-17-openjdk-amd64/lib/libjli.so
7f4ffe4b2000-7f4ffe4bb000 r-xp 00002000 00:25 13825                      /usr/lib/jvm/java-17-openjdk-amd64/lib/libjli.so
7f4ffe4bb000-7f4ffe4be000 r--p 0000b000 00:25 13825                      /usr/lib/jvm/java-17-openjdk-amd64/lib/libjli.so
7f4ffe4be000-7f4ffe4bf000 r--p 0000d000 00:25 13825                      /usr/lib/jvm/java-17-openjdk-amd64/lib/libjli.so
7f4ffe4bf000-7f4ffe4c0000 rw-p 0000e000 00:25 13825                      /usr/lib/jvm/java-17-openjdk-amd64/lib/libjli.so
7f4ffe4c0000-7f4ffe4c3000 r--p 00000000 00:25 1006                       /usr/lib/x86_64-linux-gnu/libz.so.1.2.13
7f4ffe4c3000-7f4ffe4d6000 r-xp 00003000 00:25 1006                       /usr/lib/x86_64-linux-gnu/libz.so.1.2.13
7f4ffe4d6000-7f4ffe4dd000 r--p 00016000 00:25 1006                       /usr/lib/x86_64-linux-gnu/libz.so.1.2.13
7f4ffe4dd000-7f4ffe4de000 r--p 0001c000 00:25 1006                       /usr/lib/x86_64-linux-gnu/libz.so.1.2.13
7f4ffe4de000-7f4ffe4df000 rw-p 0001d000 00:25 1006                       /usr/lib/x86_64-linux-gnu/libz.so.1.2.13
7f4ffe4df000-7f4ffe4e0000 r--p 00000000 00:25 13891                      /usr/lib/locale/C.utf8/LC_ADDRESS
7f4ffe4e0000-7f4ffe4e1000 r--p 00000000 00:25 13901                      /usr/lib/locale/C.utf8/LC_TELEPHONE
7f4ffe4e1000-7f4ffe4e2000 r--p 00000000 00:25 13895                      /usr/lib/locale/C.utf8/LC_MEASUREMENT
7f4ffe4e2000-7f4ffe4e3000 r--p 00000000 00:25 13894                      /usr/lib/locale/C.utf8/LC_IDENTIFICATION
7f4ffe4e3000-7f4ffe4e4000 ---p 00000000 00:00 0 
7f4ffe4e4000-7f4ffe4e5000 r--p 00000000 00:00 0 
7f4ffe4e5000-7f4ffe4e6000 ---p 00000000 00:00 0 
7f4ffe4e6000-7f4ffe4e8000 rw-p 00000000 00:00 0 
7f4ffe4e8000-7f4ffe4e9000 r--p 00000000 00:25 17646                      /usr/lib/x86_64-linux-gnu/ld-linux-x86-64.so.2
7f4ffe4e9000-7f4ffe50f000 r-xp 00001000 00:25 17646                      /usr/lib/x86_64-linux-gnu/ld-linux-x86-64.so.2
7f4ffe50f000-7f4ffe519000 r--p 00027000 00:25 17646                      /usr/lib/x86_64-linux-gnu/ld-linux-x86-64.so.2
7f4ffe519000-7f4ffe51b000 r--p 00031000 00:25 17646                      /usr/lib/x86_64-linux-gnu/ld-linux-x86-64.so.2
7f4ffe51b000-7f4ffe51d000 rw-p 00033000 00:25 17646                      /usr/lib/x86_64-linux-gnu/ld-linux-x86-64.so.2
7fff4f021000-7fff4f042000 rw-p 00000000 00:00 0                          [stack]
7fff4f1f4000-7fff4f1f7000 r--p 00000000 00:00 0                          [vvar]
7fff4f1f7000-7fff4f1f9000 r-xp 00000000 00:00 0                          [vdso]
ffffffffff600000-ffffffffff601000 r-xp 00000000 00:00 0                  [vsyscall]


VM Arguments:
java_command: org.jetbrains.kotlin.cli.jvm.K2JVMCompiler @/workspace/app/build/20260917_5044041258303003903.compiler.options
java_class_path (initial): /root/.gradle/caches/modules-2/files-2.1/org.jetbrains.kotlin/kotlin-compiler-embeddable/2.1.0/988bf980588bbbcfa1ba19c1ffd7aa869b335a31/kotlin-compiler-embeddable-2.1.0.jar:/root/.gradle/caches/modules-2/files-2.1/org.jetbrains.kotlin/kotlin-stdlib/2.1.0/85f8b81009cda5890e54ba67d64b5e599c645020/kotlin-stdlib-2.1.0.jar:/root/.gradle/caches/modules-2/files-2.1/org.jetbrains.kotlin/kotlin-script-runtime/2.1.0/5909da8c57b75a117714ab0e348c86101b7a3284/kotlin-script-runtime-2.1.0.jar:/root/.gradle/caches/modules-2/files-2.1/org.jetbrains.kotlin/kotlin-reflect/1.6.10/1cbe9c92c12a94eea200d23c2bbaedaf3daf5132/kotlin-reflect-1.6.10.jar:/root/.gradle/caches/modules-2/files-2.1/org.jetbrains.kotlin/kotlin-daemon-embeddable/2.1.0/420bae1908e4a353f5b56c3c850d24d86367b25d/kotlin-daemon-embeddable-2.1.0.jar:/root/.gradle/caches/modules-2/files-2.1/org.jetbrains.intellij.deps/trove4j/1.0.20200330/3afb14d5f9ceb459d724e907a21145e8ff394f02/trove4j-1.0.20200330.jar:/root/.gradle/caches/modules-2/files-2.1/org.jetbrains.kotlinx/kotlinx-coroutines-core-jvm/1.6.4/2c997cd1c0ef33f3e751d3831929aeff1390cb30/kotlinx-coroutines-core-jvm-1.6.4.jar:/root/.gradle/caches/modules-2/files-2.1/org.jetbrains/annotations/13.0/919f0dfe192fb4e063e7dacadee7f8bb9a2672a9/annotations-13.0.jar
Launcher Type: SUN_STANDARD

[Global flags]
     intx CICompilerCount                          = 2                                         {product} {ergonomic}
     uint ConcGCThreads                            = 1                                         {product} {ergonomic}
     uint G1ConcRefinementThreads                  = 2                                         {product} {ergonomic}
   size_t G1HeapRegionSize                         = 1048576                                   {product} {ergonomic}
    uintx GCDrainStackTargetSize                   = 64                                        {product} {ergonomic}
   size_t InitialHeapSize                          = 33554432                                  {product} {ergonomic}
   size_t MarkStackSize                            = 4194304                                   {product} {ergonomic}
   size_t MaxHeapSize                              = 536870912                                 {product} {ergonomic}
   size_t MaxNewSize                               = 321912832                                 {product} {ergonomic}
   size_t MinHeapDeltaBytes                        = 1048576                                   {product} {ergonomic}
   size_t MinHeapSize                              = 8388608                                   {product} {ergonomic}
    uintx NonNMethodCodeHeapSize                   = 5826188                                {pd product} {ergonomic}
    uintx NonProfiledCodeHeapSize                  = 122916026                              {pd product} {ergonomic}
    uintx ProfiledCodeHeapSize                     = 122916026                              {pd product} {ergonomic}
    uintx ReservedCodeCacheSize                    = 251658240                              {pd product} {ergonomic}
     bool SegmentedCodeCache                       = true                                      {product} {ergonomic}
   size_t SoftMaxHeapSize                          = 536870912                              {manageable} {ergonomic}
     bool UseCompressedClassPointers               = true                           {product lp64_product} {ergonomic}
     bool UseCompressedOops                        = true                           {product lp64_product} {ergonomic}
     bool UseG1GC                                  = true                                      {product} {ergonomic}

Logging:
Log output configuration:
 #0: stdout all=warning uptime,level,tags
 #1: stderr all=off uptime,level,tags

Environment Variables:
PATH=/usr/local/sbin:/usr/local/bin:/usr/sbin:/usr/bin:/sbin:/bin:/opt/android-sdk/cmdline-tools/latest/bin:/opt/android-sdk/platform-tools:/opt/android-sdk/cmdline-tools/latest/bin:/opt/android-sdk/platform-tools
SHELL=/bin/bash
LANG=C.UTF-8
LC_ALL=C.UTF-8
TERM=tmux-256color

Active Locale:
LC_ALL=C.UTF-8
LC_COLLATE=C.UTF-8
LC_CTYPE=C.UTF-8
LC_MESSAGES=C.UTF-8
LC_MONETARY=C.UTF-8
LC_NUMERIC=C.UTF-8
LC_TIME=C.UTF-8

Signal Handlers:
   SIGSEGV: crash_handler in libjvm.so, mask=11100100010111111101111111111110, flags=SA_RESTART|SA_SIGINFO, unblocked
    SIGBUS: crash_handler in libjvm.so, mask=11100100010111111101111111111110, flags=SA_RESTART|SA_SIGINFO, unblocked
    SIGFPE: crash_handler in libjvm.so, mask=11100100010111111101111111111110, flags=SA_RESTART|SA_SIGINFO, unblocked
   SIGPIPE: javaSignalHandler in libjvm.so, mask=11100100010111111101111111111110, flags=SA_RESTART|SA_SIGINFO, unblocked
   SIGXFSZ: javaSignalHandler in libjvm.so, mask=11100100010111111101111111111110, flags=SA_RESTART|SA_SIGINFO, unblocked
    SIGILL: crash_handler in libjvm.so, mask=11100100010111111101111111111110, flags=SA_RESTART|SA_SIGINFO, unblocked
   SIGUSR2: SR_handler in libjvm.so, mask=00100000000000000000000000000000, flags=SA_RESTART|SA_SIGINFO, unblocked
    SIGHUP: UserHandler in libjvm.so, mask=11100100010111111101111111111110, flags=SA_RESTART|SA_SIGINFO, unblocked
    SIGINT: UserHandler in libjvm.so, mask=11100100010111111101111111111110, flags=SA_RESTART|SA_SIGINFO, unblocked
   SIGTERM: UserHandler in libjvm.so, mask=11100100010111111101111111111110, flags=SA_RESTART|SA_SIGINFO, unblocked
   SIGQUIT: UserHandler in libjvm.so, mask=11100100010111111101111111111110, flags=SA_RESTART|SA_SIGINFO, unblocked
   SIGTRAP: crash_handler in libjvm.so, mask=11100100010111111101111111111110, flags=SA_RESTART|SA_SIGINFO, unblocked


Periodic native trim disabled


---------------  S Y S T E M  ---------------

OS:
PRETTY_NAME="Debian GNU/Linux 12 (bookworm)"
NAME="Debian GNU/Linux"
VERSION_ID="12"
VERSION="12 (bookworm)"
VERSION_CODENAME=bookworm
ID=debian
HOME_URL="https://www.debian.org/"
SUPPORT_URL="https://www.debian.org/support"
BUG_REPORT_URL="https://bugs.debian.org/"
uname: Linux 4.19.91-c8dfc93.al7.x86_64 #1 SMP Tue Sep 26 10:25:51 UTC 2023 x86_64
OS uptime: 0 days 0:49 hours
libc: glibc 2.36 NPTL 2.36 
rlimit (soft/hard): STACK 8192k/infinity , CORE 0k/0k , NPROC 100000/100000 , NOFILE 100000/100000 , AS infinity/infinity , CPU infinity/infinity , DATA infinity/infinity , FSIZE infinity/infinity , MEMLOCK 64k/64k
load average: 3.19 2.09 1.67

/proc/meminfo:
MemTotal:        2152516 kB
MemFree:           32580 kB
MemAvailable:      11352 kB
Buffers:             120 kB
Cached:             6200 kB
SwapCached:            0 kB
Active:          2030964 kB
Inactive:           5592 kB
Active(anon):    2030460 kB
Inactive(anon):       16 kB
Active(file):        504 kB
Inactive(file):     5576 kB
Unevictable:           0 kB
Mlocked:               0 kB
SwapTotal:             0 kB
SwapFree:              0 kB
Dirty:                 0 kB
Writeback:             0 kB
AnonPages:       2030400 kB
Mapped:             4192 kB
Shmem:                32 kB
Slab:              32636 kB
SReclaimable:      18896 kB
SUnreclaim:        13740 kB
KernelStack:        3744 kB
PageTables:         6208 kB
NFS_Unstable:          0 kB
Bounce:                0 kB
WritebackTmp:          0 kB
CommitLimit:     1076256 kB
Committed_AS:    2179596 kB
VmallocTotal:   34359738367 kB
VmallocUsed:           0 kB
VmallocChunk:          0 kB
Percpu:              400 kB
AnonHugePages:    454656 kB
ShmemHugePages:        0 kB
ShmemPmdMapped:        0 kB
HugePages_Total:       0
HugePages_Free:        0
HugePages_Rsvd:        0
HugePages_Surp:        0
Hugepagesize:       2048 kB
Hugetlb:               0 kB
DirectMap4k:        8192 kB
DirectMap2M:     2523136 kB
DirectMap1G:           0 kB

/sys/kernel/mm/transparent_hugepage/enabled: [always] madvise never
/sys/kernel/mm/transparent_hugepage/hpage_pmd_size: 2097152
/sys/kernel/mm/transparent_hugepage/defrag (defrag/compaction efforts parameter): always defer defer+madvise madvise [never]

Process Memory:
Virtual Size: 3107144K (peak: 3159568K)
Resident Set Size: 181020K (peak: 184736K) (anon: 181020K, file: 0K, shmem: 0K)
Swapped out: 0K
C-Heap outstanding allocations: 46422K, retained: 11413K
glibc malloc tunables: (default)

/proc/sys/kernel/threads-max (system-wide limit on the number of threads): 1129
/proc/sys/vm/max_map_count (maximum number of memory map areas a process may have): 65530
/proc/sys/vm/swappiness (control to define how aggressively the kernel swaps out anonymous memory): 60
/proc/sys/kernel/pid_max (system-wide limit on number of process identifiers): 32768

container (cgroup) information:
container_type: cgroupv1
cpu_cpuset_cpus: 0-1
cpu_memory_nodes: 0
active_processor_count: 2
cpu_quota: no quota
cpu_period: 100000
cpu_shares: 12288
memory_limit_in_bytes: 2097152 k
memory_and_swap_limit_in_bytes: unlimited
memory_soft_limit_in_bytes: unlimited
memory_usage_in_bytes: 2059756 k
memory_max_usage_in_bytes: 2070028 k
rss_usage_in_bytes: 2023236 k
cache_usage_in_bytes: 6544 k
kernel_memory_limit_in_bytes: unlimited
kernel_memory_usage_in_bytes: 29624 k
kernel_memory_max_usage_in_bytes: 109732 k
maximum number of tasks: unlimited
current number of tasks: 161

KVM virtualization detected
Steal ticks since vm start: 535
Steal ticks percentage since vm start:  0.303

CPU: total 2 (initial active 2) (2 cores per cpu, 1 threads per core) family 6 model 85 stepping 7 microcode 0x1, cx8, cmov, fxsr, mmx, 3dnowpref, sse, sse2, sse3, ssse3, sse4.1, sse4.2, popcnt, lzcnt, tsc, tscinvbit, avx, avx2, aes, erms, clmul, bmi1, bmi2, adx, avx512f, avx512dq, avx512cd, avx512bw, avx512vl, fma, vzeroupper, avx512_vnni, clflush, clflushopt, clwb, hv
CPU Model and flags from /proc/cpuinfo:
model name	: Intel(R) Xeon(R) Processor @ 2.50GHz
flags		: fpu vme de pse tsc msr pae mce cx8 apic sep mtrr pge mca cmov pat pse36 clflush mmx fxsr sse sse2 ss ht syscall nx pdpe1gb rdtscp lm constant_tsc rep_good nopl xtopology nonstop_tsc cpuid tsc_known_freq pni pclmulqdq ssse3 fma cx16 pcid sse4_1 sse4_2 x2apic movbe popcnt tsc_deadline_timer aes xsave avx f16c rdrand hypervisor lahf_lm abm 3dnowprefetch cpuid_fault invpcid_single ssbd ibrs ibpb stibp ibrs_enhanced fsgsbase tsc_adjust bmi1 avx2 smep bmi2 erms invpcid mpx avx512f avx512dq rdseed adx smap clflushopt clwb avx512cd avx512bw avx512vl xsaveopt xsavec xgetbv1 xsaves umip avx512_vnni md_clear arch_capabilities

Online cpus: 0-1
Offline cpus: 
BIOS frequency limitation: <Not Available>
Frequency switch latency (ns): <Not Available>
Available cpu frequencies: <Not Available>
Current governor: <Not Available>
Core performance/turbo boost: <Not Available>

Memory: 4k page, physical 2097152k(37268k free), swap 0k(0k free)
Page Sizes: 4k

vm_info: OpenJDK 64-Bit Server VM (17.0.20+8-1-deb12u1-Debian) for linux-amd64 JRE (17.0.20+8-1-deb12u1-Debian), built on Jul 28 2026 07:08:51 by "buildd" with gcc 12.2.0

END.
